Component: ARM Compiler 5.06 update 1 (build 61) Tool: armlink [4d35a8]

==============================================================================

Section Cross References

    main.o(i.advertising_start) refers to nrf_log_frontend.o(i.nrf_log_frontend_std_0) for nrf_log_frontend_std_0
    main.o(i.advertising_start) refers to peer_manager.o(i.pm_peers_delete) for pm_peers_delete
    main.o(i.advertising_start) refers to ble_advertising.o(i.ble_advertising_start) for ble_advertising_start
    main.o(i.advertising_start) refers to app_error.o(i.app_error_handler_bare) for app_error_handler_bare
    main.o(i.advertising_start) refers to nrf_log_frontend.o(log_dynamic_data) for m_nrf_log_app_logs_data_dynamic
    main.o(i.advertising_start) refers to main.o(.bss) for .bss
    main.o(i.assert_nrf_callback) refers to app_error_handler_keil.o(.emb_text) for app_error_handler
    main.o(i.ble_evt_handler) refers to nrf_log_frontend.o(i.nrf_log_frontend_std_0) for nrf_log_frontend_std_0
    main.o(i.ble_evt_handler) refers to bsp.o(i.bsp_indication_set) for bsp_indication_set
    main.o(i.ble_evt_handler) refers to app_error.o(i.app_error_handler_bare) for app_error_handler_bare
    main.o(i.ble_evt_handler) refers to nrf_ble_qwr.o(i.nrf_ble_qwr_conn_handle_assign) for nrf_ble_qwr_conn_handle_assign
    main.o(i.ble_evt_handler) refers to nrf_log_frontend.o(log_dynamic_data) for m_nrf_log_app_logs_data_dynamic
    main.o(i.ble_evt_handler) refers to main.o(.data) for .data
    main.o(i.ble_evt_handler) refers to main.o(.bss) for .bss
    main.o(i.bsp_event_handler) refers to main.o(i.sleep_mode_enter) for sleep_mode_enter
    main.o(i.bsp_event_handler) refers to app_error.o(i.app_error_handler_bare) for app_error_handler_bare
    main.o(i.bsp_event_handler) refers to ble_advertising.o(i.ble_advertising_restart_without_whitelist) for ble_advertising_restart_without_whitelist
    main.o(i.bsp_event_handler) refers to main.o(.data) for .data
    main.o(i.bsp_event_handler) refers to main.o(.bss) for .bss
    main.o(i.conn_params_error_handler) refers to app_error.o(i.app_error_handler_bare) for app_error_handler_bare
    main.o(i.gap_params_init) refers to app_error.o(i.app_error_handler_bare) for app_error_handler_bare
    main.o(i.main) refers to nrf_log_frontend.o(i.nrf_log_init) for nrf_log_init
    main.o(i.main) refers to app_error.o(i.app_error_handler_bare) for app_error_handler_bare
    main.o(i.main) refers to nrf_log_default_backends.o(i.nrf_log_default_backends_init) for nrf_log_default_backends_init
    main.o(i.main) refers to app_timer.o(i.app_timer_init) for app_timer_init
    main.o(i.main) refers to bsp.o(i.bsp_init) for bsp_init
    main.o(i.main) refers to bsp_btn_ble.o(i.bsp_btn_ble_init) for bsp_btn_ble_init
    main.o(i.main) refers to nrf_pwr_mgmt.o(i.nrf_pwr_mgmt_init) for nrf_pwr_mgmt_init
    main.o(i.main) refers to nrf_sdh.o(i.nrf_sdh_enable_request) for nrf_sdh_enable_request
    main.o(i.main) refers to nrf_sdh_ble.o(i.nrf_sdh_ble_default_cfg_set) for nrf_sdh_ble_default_cfg_set
    main.o(i.main) refers to nrf_sdh_ble.o(i.nrf_sdh_ble_enable) for nrf_sdh_ble_enable
    main.o(i.main) refers to main.o(i.gap_params_init) for gap_params_init
    main.o(i.main) refers to nrf_ble_gatt.o(i.nrf_ble_gatt_init) for nrf_ble_gatt_init
    main.o(i.main) refers to memseta.o(.text) for __aeabi_memclr4
    main.o(i.main) refers to ble_advertising.o(i.ble_advertising_init) for ble_advertising_init
    main.o(i.main) refers to ble_advertising.o(i.ble_advertising_conn_cfg_tag_set) for ble_advertising_conn_cfg_tag_set
    main.o(i.main) refers to nrf_ble_qwr.o(i.nrf_ble_qwr_init) for nrf_ble_qwr_init
    main.o(i.main) refers to ble_conn_params.o(i.ble_conn_params_init) for ble_conn_params_init
    main.o(i.main) refers to main.o(i.peer_manager_init) for peer_manager_init
    main.o(i.main) refers to nrf_log_frontend.o(i.nrf_log_frontend_std_0) for nrf_log_frontend_std_0
    main.o(i.main) refers to main.o(i.advertising_start) for advertising_start
    main.o(i.main) refers to nrf_log_frontend.o(i.nrf_log_frontend_dequeue) for nrf_log_frontend_dequeue
    main.o(i.main) refers to nrf_pwr_mgmt.o(i.nrf_pwr_mgmt_run) for nrf_pwr_mgmt_run
    main.o(i.main) refers to main.o(i.bsp_event_handler) for bsp_event_handler
    main.o(i.main) refers to main.o(.bss) for .bss
    main.o(i.main) refers to main.o(.data) for .data
    main.o(i.main) refers to main.o(i.on_adv_evt) for on_adv_evt
    main.o(i.main) refers to main.o(i.nrf_qwr_error_handler) for nrf_qwr_error_handler
    main.o(i.main) refers to main.o(i.on_conn_params_evt) for on_conn_params_evt
    main.o(i.main) refers to main.o(i.conn_params_error_handler) for conn_params_error_handler
    main.o(i.main) refers to nrf_log_frontend.o(log_dynamic_data) for m_nrf_log_app_logs_data_dynamic
    main.o(i.nrf_qwr_error_handler) refers to app_error.o(i.app_error_handler_bare) for app_error_handler_bare
[...]
    nrf_memobj_put                           0x0002b76d   Thumb Code    30  nrf_memobj.o(i.nrf_memobj_put)
    nrf_memobj_read                          0x0002b78b   Thumb Code    12  nrf_memobj.o(i.nrf_memobj_read)
    nrf_memobj_write                         0x0002b797   Thumb Code    12  nrf_memobj.o(i.nrf_memobj_write)
    nrf_pwr_mgmt_init                        0x0002b7a5   Thumb Code    28  nrf_pwr_mgmt.o(i.nrf_pwr_mgmt_init)
    nrf_pwr_mgmt_run                         0x0002b7cd   Thumb Code    64  nrf_pwr_mgmt.o(i.nrf_pwr_mgmt_run)
    nrf_sdh_ble_app_ram_start_get            0x0002b815   Thumb Code    16  nrf_sdh_ble.o(i.nrf_sdh_ble_app_ram_start_get)
    nrf_sdh_ble_default_cfg_set              0x0002b829   Thumb Code   240  nrf_sdh_ble.o(i.nrf_sdh_ble_default_cfg_set)
    nrf_sdh_ble_enable                       0x0002b931   Thumb Code   116  nrf_sdh_ble.o(i.nrf_sdh_ble_enable)
    nrf_sdh_disable_request                  0x0002bab9   Thumb Code    80  nrf_sdh.o(i.nrf_sdh_disable_request)
    nrf_sdh_enable_request                   0x0002bb0d   Thumb Code   130  nrf_sdh.o(i.nrf_sdh_enable_request)
    nrf_sdh_evts_poll                        0x0002bb9d   Thumb Code    32  nrf_sdh.o(i.nrf_sdh_evts_poll)
    nrf_sdh_is_enabled                       0x0002bbc1   Thumb Code     6  nrf_sdh.o(i.nrf_sdh_is_enabled)
    nrf_sdh_request_continue                 0x0002bbcd   Thumb Code    22  nrf_sdh.o(i.nrf_sdh_request_continue)
    nrf_section_iter_init                    0x0002bc25   Thumb Code    10  nrf_section_iter.o(i.nrf_section_iter_init)
    nrf_section_iter_next                    0x0002bc53   Thumb Code    32  nrf_section_iter.o(i.nrf_section_iter_next)
    nrf_strerror_find                        0x0002bc75   Thumb Code    52  nrf_strerror.o(i.nrf_strerror_find)
    nrf_strerror_get                         0x0002bcad   Thumb Code    14  nrf_strerror.o(i.nrf_strerror_get)
    nrfx_clock_enable                        0x0002bcf9   Thumb Code    36  nrfx_clock.o(i.nrfx_clock_enable)
    nrfx_clock_init                          0x0002bd25   Thumb Code    26  nrfx_clock.o(i.nrfx_clock_init)
    nrfx_clock_lfclk_stop                    0x0002bd45   Thumb Code    20  nrfx_clock.o(i.nrfx_clock_lfclk_stop)
    nrfx_gpiote_in_event_enable              0x0002bd71   Thumb Code   156  nrfx_gpiote.o(i.nrfx_gpiote_in_event_enable)
    nrfx_gpiote_in_init                      0x0002be15   Thumb Code   194  nrfx_gpiote.o(i.nrfx_gpiote_in_init)
    nrfx_gpiote_in_is_set                    0x0002bee5   Thumb Code    20  nrfx_gpiote.o(i.nrfx_gpiote_in_is_set)
    nrfx_gpiote_init                         0x0002bef9   Thumb Code    98  nrfx_gpiote.o(i.nrfx_gpiote_init)
    nrfx_gpiote_is_init                      0x0002bf69   Thumb Code    14  nrfx_gpiote.o(i.nrfx_gpiote_is_init)
    nrfx_prs_acquire                         0x0002bf8d   Thumb Code    58  nrfx_prs.o(i.nrfx_prs_acquire)
    nrfx_prs_release                         0x0002bfc7   Thumb Code    18  nrfx_prs.o(i.nrfx_prs_release)
    nrfx_uart_0_irq_handler                  0x0002bfd9   Thumb Code     8  nrfx_uart.o(i.nrfx_uart_0_irq_handler)
    nrfx_uart_init                           0x0002bfe9   Thumb Code   200  nrfx_uart.o(i.nrfx_uart_init)
    nrfx_uart_tx                             0x0002c0bd   Thumb Code   160  nrfx_uart.o(i.nrfx_uart_tx)
    nrfx_uart_tx_in_progress                 0x0002c161   Thumb Code    26  nrfx_uart.o(i.nrfx_uart_tx_in_progress)
    nrfx_uart_uninit                         0x0002c181   Thumb Code   170  nrfx_uart.o(i.nrfx_uart_uninit)
    nrfx_uarte_0_irq_handler                 0x0002c235   Thumb Code     8  nrfx_uarte.o(i.nrfx_uarte_0_irq_handler)
    nrfx_uarte_init                          0x0002c245   Thumb Code   100  nrfx_uarte.o(i.nrfx_uarte_init)
    nrfx_uarte_tx                            0x0002c2b1   Thumb Code   138  nrfx_uarte.o(i.nrfx_uarte_tx)
    nrfx_uarte_tx_in_progress                0x0002c341   Thumb Code    22  nrfx_uarte.o(i.nrfx_uarte_tx_in_progress)
    nrfx_uarte_uninit                        0x0002c35d   Thumb Code   166  nrfx_uarte.o(i.nrfx_uarte_uninit)
    pdb_init                                 0x0002c819   Thumb Code    66  peer_database.o(i.pdb_init)
    pdb_next_deleted_peer_id_get             0x0002c865   Thumb Code     4  peer_database.o(i.pdb_next_deleted_peer_id_get)
    pdb_next_peer_id_get                     0x0002c869   Thumb Code     4  peer_database.o(i.pdb_next_peer_id_get)
    pdb_pds_evt_handler                      0x0002c86d   Thumb Code   108  peer_database.o(i.pdb_pds_evt_handler)
    pdb_peer_allocate                        0x0002c8e1   Thumb Code     4  peer_database.o(i.pdb_peer_allocate)
    pdb_peer_data_load                       0x0002c8e5   Thumb Code    16  peer_database.o(i.pdb_peer_data_load)
    pdb_peer_data_ptr_get                    0x0002c8f5   Thumb Code     6  peer_database.o(i.pdb_peer_data_ptr_get)
    pdb_peer_free                            0x0002c8fb   Thumb Code    68  peer_database.o(i.pdb_peer_free)
    pdb_raw_store                            0x0002c93f   Thumb Code     8  peer_database.o(i.pdb_raw_store)
    pdb_write_buf_get                        0x0002c949   Thumb Code   190  peer_database.o(i.pdb_write_buf_get)
    pdb_write_buf_release                    0x0002ca0d   Thumb Code    40  peer_database.o(i.pdb_write_buf_release)
    pdb_write_buf_store                      0x0002ca35   Thumb Code    40  peer_database.o(i.pdb_write_buf_store)
    pdb_write_buf_store_prepare              0x0002ca5d   Thumb Code    98  peer_database.o(i.pdb_write_buf_store_prepare)
    pds_init                                 0x0002cad5   Thumb Code    98  peer_data_storage.o(i.pds_init)
    pds_next_deleted_peer_id_get             0x0002cb41   Thumb Code     4  peer_data_storage.o(i.pds_next_deleted_peer_id_get)
    pds_next_peer_id_get                     0x0002cb45   Thumb Code     4  peer_data_storage.o(i.pds_next_peer_id_get)
    pds_peer_data_iterate                    0x0002cb49   Thumb Code    84  peer_data_storage.o(i.pds_peer_data_iterate)
    pds_peer_data_iterate_prepare            0x0002cba1   Thumb Code    10  peer_data_storage.o(i.pds_peer_data_iterate_prepare)
    pds_peer_data_read                       0x0002cbb1   Thumb Code   104  peer_data_storage.o(i.pds_peer_data_read)
    pds_peer_data_store                      0x0002cc19   Thumb Code   150  peer_data_storage.o(i.pds_peer_data_store)
    pds_peer_id_allocate                     0x0002ccaf   Thumb Code     8  peer_data_storage.o(i.pds_peer_id_allocate)
    pds_peer_id_free                         0x0002ccb7   Thumb Code    22  peer_data_storage.o(i.pds_peer_id_free)
    pds_peer_id_is_allocated                 0x0002cccd   Thumb Code     4  peer_data_storage.o(i.pds_peer_id_is_allocated)
    pds_space_reserve                        0x0002ccd1   Thumb Code    46  peer_data_storage.o(i.pds_space_reserve)
    pds_space_reserve_cancel                 0x0002ccff   Thumb Code    16  peer_data_storage.o(i.pds_space_reserve_cancel)
    peer_id_allocate                         0x0002ce09   Thumb Code     6  peer_id.o(i.peer_id_allocate)
    peer_id_delete                           0x0002ce15   Thumb Code    32  peer_id.o(i.peer_id_delete)
    peer_id_free                             0x0002ce39   Thumb Code    24  peer_id.o(i.peer_id_free)
    peer_id_get_next_deleted                 0x0002ce55   Thumb Code     6  peer_id.o(i.peer_id_get_next_deleted)
    peer_id_get_next_used                    0x0002ce61   Thumb Code    42  peer_id.o(i.peer_id_get_next_used)
    peer_id_init                             0x0002ce91   Thumb Code    36  peer_id.o(i.peer_id_init)
    peer_id_is_allocated                     0x0002ceb9   Thumb Code    16  peer_id.o(i.peer_id_is_allocated)
    peer_id_is_deleted                       0x0002cecd   Thumb Code    16  peer_id.o(i.peer_id_is_deleted)
    pm_buffer_block_acquire                  0x0002cfad   Thumb Code    92  pm_buffer.o(i.pm_buffer_block_acquire)
    pm_buffer_init                           0x0002d009   Thumb Code    64  pm_buffer.o(i.pm_buffer_init)
    pm_buffer_ptr_get                        0x0002d049   Thumb Code    40  pm_buffer.o(i.pm_buffer_ptr_get)
    pm_buffer_release                        0x0002d071   Thumb Code    46  pm_buffer.o(i.pm_buffer_release)
    pm_conn_sec_config_reply                 0x0002d09f   Thumb Code    10  peer_manager.o(i.pm_conn_sec_config_reply)
    pm_gcm_evt_handler                       0x0002d1a1   Thumb Code     4  peer_manager.o(i.pm_gcm_evt_handler)
    pm_im_evt_handler                        0x0002d1a5   Thumb Code     4  peer_manager.o(i.pm_im_evt_handler)
    pm_init                                  0x0002d1a9   Thumb Code    70  peer_manager.o(i.pm_init)
    pm_mutex_init                            0x0002d1f5   Thumb Code    14  pm_mutex.o(i.pm_mutex_init)
    pm_mutex_lock                            0x0002d203   Thumb Code    26  pm_mutex.o(i.pm_mutex_lock)
    pm_mutex_lock_first_available            0x0002d21d   Thumb Code    54  pm_mutex.o(i.pm_mutex_lock_first_available)
    pm_mutex_lock_status_get                 0x0002d253   Thumb Code    24  pm_mutex.o(i.pm_mutex_lock_status_get)
    pm_mutex_unlock                          0x0002d26b   Thumb Code    58  pm_mutex.o(i.pm_mutex_unlock)
    pm_pdb_evt_handler                       0x0002d2a5   Thumb Code   276  peer_manager.o(i.pm_pdb_evt_handler)
    pm_peer_delete                           0x0002d3bd   Thumb Code    14  peer_manager.o(i.pm_peer_delete)
    pm_peer_ranks_get                        0x0002d3d1   Thumb Code   176  peer_manager.o(i.pm_peer_ranks_get)
    pm_peers_delete                          0x0002d489   Thumb Code    98  peer_manager.o(i.pm_peers_delete)
    pm_register                              0x0002d4f1   Thumb Code    34  peer_manager.o(i.pm_register)
    pm_sec_params_set                        0x0002d51d   Thumb Code    14  peer_manager.o(i.pm_sec_params_set)
    pm_sm_evt_handler                        0x0002d531   Thumb Code    10  peer_manager.o(i.pm_sm_evt_handler)
    sm_ble_evt_handler                       0x0002e095   Thumb Code    22  security_manager.o(i.sm_ble_evt_handler)
    sm_conn_sec_config_reply                 0x0002e0b5   Thumb Code     4  security_manager.o(i.sm_conn_sec_config_reply)
    sm_init                                  0x0002e0b9   Thumb Code    70  security_manager.o(i.sm_init)
    sm_pdb_evt_handler                       0x0002e105   Thumb Code    76  security_manager.o(i.sm_pdb_evt_handler)
    sm_sec_params_set                        0x0002e15d   Thumb Code    46  security_manager.o(i.sm_sec_params_set)
    sm_smd_evt_handler                       0x0002e191   Thumb Code    92  security_manager.o(i.sm_smd_evt_handler)
    smd_ble_evt_handler                      0x0002e1f1   Thumb Code   234  security_dispatcher.o(i.smd_ble_evt_handler)
    smd_conn_sec_config_reply                0x0002e2e5   Thumb Code    10  security_dispatcher.o(i.smd_conn_sec_config_reply)
    smd_init                                 0x0002e2f5   Thumb Code    84  security_dispatcher.o(i.smd_init)
    smd_link_secure                          0x0002e34d   Thumb Code    34  security_dispatcher.o(i.smd_link_secure)
    smd_params_reply                         0x0002e371   Thumb Code   242  security_dispatcher.o(i.smd_params_reply)
    write_buf_store                          0x0002ede1   Thumb Code   124  peer_database.o(i.write_buf_store)
    nrf_fstorage_sd                          0x0002f360   Data          32  nrf_fstorage_sd.o(.constdata)
    nrf_log_backend_uart_api                 0x0002f4e0   Data          12  nrf_log_backend_uart.o(.constdata)
    m_ram_start                              0x0002f584   Data           4  nrf_sdh_ble.o(.constdata)
    __ctype_table                            0x0002f5b0   Data         129  ctype_o.o(.constdata)
    Region$$Table$$Base                      0x0002fdb8   Number         0  anon$$obj.o(Region$$Table)
    Region$$Table$$Limit                     0x0002fdd8   Number         0  anon$$obj.o(Region$$Table)
    log_const_data$$Base                     0x0002fdd8   Number         0  nrf_ble_gatt.o(log_const_data)
    m_nrf_log_nrf_ble_gatt_logs_data_const   0x0002fdd8   Data           8  nrf_ble_gatt.o(log_const_data)
    m_nrf_log_clock_logs_data_const          0x0002fde0   Data           8  nrf_drv_clock.o(log_const_data)
    m_nrf_log_CLOCK_logs_data_const          0x0002fde8   Data           8  nrfx_clock.o(log_const_data)
    m_nrf_log_GPIOTE_logs_data_const         0x0002fdf0   Data           8  nrfx_gpiote.o(log_const_data)
    m_nrf_log_PRS_logs_data_const            0x0002fdf8   Data           8  nrfx_prs.o(log_const_data)
    m_nrf_log_UART_logs_data_const           0x0002fe00   Data           8  nrfx_uart.o(log_const_data)
    m_nrf_log_UARTE_logs_data_const          0x0002fe08   Data           8  nrfx_uarte.o(log_const_data)
    m_nrf_log_atfifo_m_queue_logs_data_const 0x0002fe10   Data           8  fds.o(log_const_data)
    m_nrf_log_nrf_fstorage_logs_data_const   0x0002fe18   Data           8  nrf_fstorage.o(log_const_data)
    m_nrf_log_atfifo_m_fifo_logs_data_const  0x0002fe20   Data           8  nrf_fstorage_sd.o(log_const_data)
    m_nrf_log_pwr_mgmt_logs_data_const       0x0002fe28   Data           8  nrf_pwr_mgmt.o(log_const_data)
    m_nrf_log_balloc_log_mempool_logs_data_const 0x0002fe30   Data           8  nrf_log_frontend.o(log_const_data)
    m_nrf_log_app_logs_data_const            0x0002fe38   Data           8  nrf_log_frontend.o(log_const_data)
    m_nrf_log_nrf_sdh_logs_data_const        0x0002fe40   Data           8  nrf_sdh.o(log_const_data)
    m_nrf_log_nrf_sdh_ble_logs_data_const    0x0002fe48   Data           8  nrf_sdh_ble.o(log_const_data)
    m_nrf_log_nrf_sdh_soc_logs_data_const    0x0002fe50   Data           8  nrf_sdh_soc.o(log_const_data)
    log_const_data$$Limit                    0x0002fe58   Number         0  nrf_sdh_soc.o(log_const_data)
    log_mempool                              0x0002fe58   Data          24  nrf_log_frontend.o(nrf_balloc)
    sdh_ble_observers0$$Base                 0x0002fe70   Number         0  ble_conn_state.o(sdh_ble_observers0)
    sdh_ble_observers0$$Limit                0x0002fe78   Number         0  ble_conn_state.o(sdh_ble_observers0)
    sdh_ble_observers1$$Base                 0x0002fe78   Number         0  main.o(sdh_ble_observers1)
    sdh_ble_observers1$$Limit                0x0002fea0   Number         0  peer_manager.o(sdh_ble_observers1)
    sdh_ble_observers2$$Base                 0x0002fea0   Number         0  main.o(sdh_ble_observers2)
    sdh_ble_observers2$$Limit                0x0002fea8   Number         0  main.o(sdh_ble_observers2)
    sdh_ble_observers3$$Base                 0x0002fea8   Number         0  main.o(sdh_ble_observers3)
    m_req_obs                                0x0002feb0   Data           8  nrf_fstorage_sd.o(sdh_req_observers0)
    sdh_ble_observers3$$Limit                0x0002feb0   Number         0  main.o(sdh_ble_observers3)
    sdh_req_observers0$$Base                 0x0002feb0   Number         0  nrf_fstorage_sd.o(sdh_req_observers0)
    sdh_req_observers0$$Limit                0x0002feb8   Number         0  nrf_fstorage_sd.o(sdh_req_observers0)
    sdh_soc_observers0$$Base                 0x0002feb8   Number         0  nrf_drv_clock.o(sdh_soc_observers0)
    sdh_soc_observers0$$Limit                0x0002fec8   Number         0  nrf_fstorage_sd.o(sdh_soc_observers0)
    sdh_soc_observers1$$Base                 0x0002fec8   Number         0  main.o(sdh_soc_observers1)
    sdh_soc_observers1$$Limit                0x0002fed0   Number         0  main.o(sdh_soc_observers1)
    sdh_stack_observers0$$Base               0x0002fed0   Number         0  nrf_sdh_ble.o(sdh_stack_observers0)
    sdh_stack_observers0$$Limit              0x0002fee0   Number         0  nrf_sdh_soc.o(sdh_stack_observers0)
    sdh_state_observers0$$Base               0x0002fee0   Number         0  nrf_drv_clock.o(sdh_state_observers0)
    sdh_state_observers0$$Limit              0x0002fef0   Number         0  nrf_fstorage_sd.o(sdh_state_observers0)
    Image$$RW_IRAM1$$Base                    0x20002218   Number         0  anon$$obj.o ABSOLUTE
    nrf_drv_uart_use_easy_dma                0x20002298   Data           1  nrf_drv_uart.o(.data)
    m_uart                                   0x20002358   Data          20  nrf_log_backend_uart.o(.data)
    SystemCoreClock                          0x200023cc   Data           4  system_nrf52.o(.data)
    fs_data$$Base                            0x200023d0   Number         0  fds.o(fs_data)
    m_fs                                     0x200023d0   Data          20  fds.o(fs_data)
    fs_data$$Limit                           0x200023e4   Number         0  fds.o(fs_data)
    log_dynamic_data$$Base                   0x200023e4   Number         0  nrf_ble_gatt.o(log_dynamic_data)
    m_nrf_log_nrf_ble_gatt_logs_data_dynamic 0x200023e4   Data           4  nrf_ble_gatt.o(log_dynamic_data)
    m_nrf_log_clock_logs_data_dynamic        0x200023e8   Data           4  nrf_drv_clock.o(log_dynamic_data)
    m_nrf_log_CLOCK_logs_data_dynamic        0x200023ec   Data           4  nrfx_clock.o(log_dynamic_data)
    m_nrf_log_GPIOTE_logs_data_dynamic       0x200023f0   Data           4  nrfx_gpiote.o(log_dynamic_data)
    m_nrf_log_PRS_logs_data_dynamic          0x200023f4   Data           4  nrfx_prs.o(log_dynamic_data)
    m_nrf_log_UART_logs_data_dynamic         0x200023f8   Data           4  nrfx_uart.o(log_dynamic_data)
    m_nrf_log_UARTE_logs_data_dynamic        0x200023fc   Data           4  nrfx_uarte.o(log_dynamic_data)
    m_nrf_log_atfifo_m_queue_logs_data_dynamic 0x20002400   Data           4  fds.o(log_dynamic_data)
    m_nrf_log_nrf_fstorage_logs_data_dynamic 0x20002404   Data           4  nrf_fstorage.o(log_dynamic_data)
    m_nrf_log_atfifo_m_fifo_logs_data_dynamic 0x20002408   Data           4  nrf_fstorage_sd.o(log_dynamic_data)
    m_nrf_log_pwr_mgmt_logs_data_dynamic     0x2000240c   Data           4  nrf_pwr_mgmt.o(log_dynamic_data)
    m_nrf_log_balloc_log_mempool_logs_data_dynamic 0x20002410   Data           4  nrf_log_frontend.o(log_dynamic_data)
    m_nrf_log_app_logs_data_dynamic          0x20002414   Data           4  nrf_log_frontend.o(log_dynamic_data)
    m_nrf_log_nrf_sdh_logs_data_dynamic      0x20002418   Data           4  nrf_sdh.o(log_dynamic_data)
    m_nrf_log_nrf_sdh_ble_logs_data_dynamic  0x2000241c   Data           4  nrf_sdh_ble.o(log_dynamic_data)
    m_nrf_log_nrf_sdh_soc_logs_data_dynamic  0x20002420   Data           4  nrf_sdh_soc.o(log_dynamic_data)
    nrf_nvic_state                           0x20002a78   Data          12  app_util_platform.o(.bss)
    __initial_sp                             0x20005138   Data           0  arm_startup_nrf52.o(STACK)



==============================================================================

Memory Map of the image

  Image Entry point : 0x00026201

  Load Region LR_IROM1 (Base: 0x00026000, Size: 0x0000a0fc, Max: 0x0005a000, ABSOLUTE, COMPRESSED[0x00009f4c])

    Execution Region ER_IROM1 (Base: 0x00026000, Size: 0x00009ef0, Max: 0x0005a000, ABSOLUTE)

    Base Addr    Size         Type   Attr      Idx    E Section Name        Object

    0x00026000   0x00000200   Data   RO         6462    RESET               arm_startup_nrf52.o
    0x00026200   0x00000000   Code   RO         6503  * .ARM.Collect$$$$00000000  mc_w.l(entry.o)
    0x00026200   0x00000004   Code   RO         6557    .ARM.Collect$$$$00000001  mc_w.l(entry2.o)
    0x00026204   0x00000004   Code   RO         6560    .ARM.Collect$$$$00000004  mc_w.l(entry5.o)
    0x00026208   0x00000000   Code   RO         6562    .ARM.Collect$$$$00000008  mc_w.l(entry7b.o)
    0x00026208   0x00000000   Code   RO         6564    .ARM.Collect$$$$0000000A  mc_w.l(entry8b.o)
    0x00026208   0x00000008   Code   RO         6565    .ARM.Collect$$$$0000000B  mc_w.l(entry9a.o)
    0x00026210   0x00000000   Code   RO         6567    .ARM.Collect$$$$0000000D  mc_w.l(entry10a.o)
    0x00026210   0x00000000   Code   RO         6569    .ARM.Collect$$$$0000000F  mc_w.l(entry11a.o)
    0x00026210   0x00000004   Code   RO         6558    .ARM.Collect$$$$00002712  mc_w.l(entry2.o)
    0x00026214   0x000000c8   Code   RO         4646    .emb_text           nrf_atfifo.o
    0x000262dc   0x000000e2   Code   RO         4782    .emb_text           nrf_atomic.o
    0x000263be   0x00000002   PAD
    0x000263c0   0x00000024   Code   RO         6463    .text               arm_startup_nrf52.o
    0x000263e4   0x00000062   Code   RO         6511    .text               mc_w.l(uldiv.o)
    0x00026446   0x0000001e   Code   RO         6513    .text               mc_w.l(llshl.o)
    0x00026464   0x00000008   Code   RO         6515    .text               mc_w.l(ctype_o.o)
    0x0002646c   0x00000024   Code   RO         6543    .text               mc_w.l(memcpya.o)
    0x00026490   0x00000024   Code   RO         6545    .text               mc_w.l(memseta.o)
    0x000264b4   0x0000000e   Code   RO         6547    .text               mc_w.l(strlen.o)
    0x000264c2   0x0000001a   Code   RO         6551    .text               mc_w.l(memcmp.o)
    0x000264dc   0x00000020   Code   RO         6572    .text               mc_w.l(llushr.o)
    0x000264fc   0x00000024   Code   RO         6575    .text               mc_w.l(init.o)
    0x00026520   0x00000056   Code   RO         6585    .text               mc_w.l(__dczerorl2.o)
    0x00026576   0x00000002   PAD
    0x00026578   0x00000164   Code   RO         3104    i.GPIOTE_IRQHandler  nrfx_gpiote.o
    0x000266dc   0x00000016   Code   RO         4013    i.NVIC_ClearPendingIRQ  app_timer.o
    0x000266f2   0x00000016   Code   RO         4014    i.NVIC_EnableIRQ    app_timer.o
    0x00026708   0x00000016   Code   RO         4015    i.NVIC_SetPendingIRQ  app_timer.o
    0x0002671e   0x00000020   Code   RO         4016    i.NVIC_SetPriority  app_timer.o
    0x0002673e   0x00000002   PAD
    0x00026740   0x00000058   Code   RO         2972    i.POWER_CLOCK_IRQHandler  nrfx_clock.o
    0x00026798   0x00000024   Code   RO         4017    i.RTC1_IRQHandler   app_timer.o
    0x000267bc   0x00000004   Code   RO         4018    i.SWI0_EGU0_IRQHandler  app_timer.o
    0x000267c0   0x00000004   Code   RO         6249    i.SWI2_EGU2_IRQHandler  nrf_sdh.o
    0x000267c4   0x0000031c   Code   RO         6471    i.SystemInit        system_nrf52.o
    0x00026ae0   0x0000000c   Code   RO         3403    i.UARTE0_UART0_IRQHandler  nrfx_prs.o
    0x00026aec   0x0000000e   Code   RO         6579    i.__scatterload_copy  mc_w.l(handlers.o)
    0x00026afa   0x00000002   Code   RO         6580    i.__scatterload_null  mc_w.l(handlers.o)
    0x00026afc   0x0000000e   Code   RO         6581    i.__scatterload_zeroinit  mc_w.l(handlers.o)
    0x00026b0a   0x00000002   PAD
    0x00026b0c   0x00000024   Code   RO         6250    i.__sd_nvic_app_accessible_irq  nrf_sdh.o
    0x00026b30   0x00000016   Code   RO         6251    i.__sd_nvic_is_app_accessible_priority  nrf_sdh.o
    0x00026b46   0x00000026   Code   RO         1389    i.addr_compare      id_manager.o
    0x00026b6c   0x0000000c   Code   RO         5034    i.addr_is_aligned32  nrf_fstorage.o
    0x00026b78   0x00000018   Code   RO         5035    i.addr_is_within_bounds  nrf_fstorage.o
    0x00026b90   0x00000046   Code   RO          644    i.advertising_buttons_configure  bsp_btn_ble.o
    0x00026bd6   0x00000002   PAD
    0x00026bd8   0x00000048   Code   RO            4    i.advertising_start  main.o
    0x00026c20   0x00000052   Code   RO         1390    i.ah                id_manager.o
    0x00026c72   0x00000006   Code   RO          527    i.alert_timer_handler  bsp.o
    0x00026c78   0x0000000c   Code   RO         2496    i.allow_repairing   security_dispatcher.o
    0x00026c84   0x00000024   Code   RO         3795    i.app_button_enable  app_button.o
    0x00026ca8   0x00000078   Code   RO         3796    i.app_button_init   app_button.o
    0x00026d20   0x0000007c   Code   RO         3919    i.app_error_fault_handler  app_error_weak.o
    0x00026d9c   0x00000016   Code   RO         3859    i.app_error_handler_bare  app_error.o
    0x00026db2   0x00000002   PAD
    0x00026db4   0x00000024   Code   RO         4021    i.app_timer_create  app_timer.o
    0x00026dd8   0x00000054   Code   RO         4022    i.app_timer_init    app_timer.o
    0x00026e2c   0x00000088   Code   RO         4025    i.app_timer_start   app_timer.o
    0x00026eb4   0x00000020   Code   RO         4026    i.app_timer_stop    app_timer.o
    0x00026ed4   0x00000048   Code   RO         4186    i.app_util_critical_region_enter  app_util_platform.o
    0x00026f1c   0x00000034   Code   RO         4187    i.app_util_critical_region_exit  app_util_platform.o
    0x00026f50   0x00000088   Code   RO         3454    i.apply_config      nrfx_uart.o
    0x00026fd8   0x00000088   Code   RO         3642    i.apply_config      nrfx_uarte.o
    0x00027060   0x00000004   Code   RO         1185    i.apply_pending_handle  gatt_cache_manager.o
    0x00027064   0x000000d0   Code   RO         2497    i.auth_status_success_process  security_dispatcher.o
    0x00027134   0x00000182   Code   RO          691    i.ble_advdata_encode  ble_advdata.o
    0x000272b6   0x00000020   Code   RO          693    i.ble_advdata_parse  ble_advdata.o
    0x000272d6   0x00000038   Code   RO          694    i.ble_advdata_search  ble_advdata.o
    0x0002730e   0x00000006   Code   RO          797    i.ble_advertising_conn_cfg_tag_set  ble_advertising.o
    0x00027314   0x000000fa   Code   RO          798    i.ble_advertising_init  ble_advertising.o
    0x0002740e   0x0000006a   Code   RO          800    i.ble_advertising_on_ble_evt  ble_advertising.o
    0x00027478   0x00000030   Code   RO          801    i.ble_advertising_on_sys_evt  ble_advertising.o
    0x000274a8   0x0000003a   Code   RO          803    i.ble_advertising_restart_without_whitelist  ble_advertising.o
    0x000274e2   0x00000236   Code   RO          804    i.ble_advertising_start  ble_advertising.o
    0x00027718   0x00000068   Code   RO          891    i.ble_conn_params_init  ble_conn_params.o
    0x00027780   0x00000020   Code   RO          967    i.ble_conn_state_encrypted  ble_conn_state.o
    0x000277a0   0x0000002c   Code   RO          969    i.ble_conn_state_for_each_set_user_flag  ble_conn_state.o
    0x000277cc   0x00000024   Code   RO          974    i.ble_conn_state_role  ble_conn_state.o
    0x000277f0   0x00000018   Code   RO          976    i.ble_conn_state_user_flag_acquire  ble_conn_state.o
    0x00027808   0x00000030   Code   RO          977    i.ble_conn_state_user_flag_get  ble_conn_state.o
    0x00027838   0x00000040   Code   RO          978    i.ble_conn_state_user_flag_set  ble_conn_state.o
    0x00027878   0x00000014   Code   RO          979    i.ble_conn_state_valid  ble_conn_state.o
    0x0002788c   0x00000060   Code   RO          697    i.ble_device_addr_encode  ble_advdata.o
    0x000278ec   0x000000a8   Code   RO            6    i.ble_evt_handler   main.o
    0x00027994   0x00000070   Code   RO          645    i.ble_evt_handler   bsp_btn_ble.o
    0x00027a04   0x000000fc   Code   RO          893    i.ble_evt_handler   ble_conn_params.o
    0x00027b00   0x00000104   Code   RO          980    i.ble_evt_handler   ble_conn_state.o
    0x00027c04   0x00000028   Code   RO         2120    i.ble_evt_handler   peer_manager.o
    0x00027c2c   0x00000008   Code   RO         1125    i.ble_srv_is_notification_enabled  ble_srv_common.o
    0x00027c34   0x00000020   Code   RO          395    i.bsp_board_button_state_get  boards.o
    0x00027c54   0x00000054   Code   RO          396    i.bsp_board_init    boards.o
    0x00027ca8   0x00000024   Code   RO          398    i.bsp_board_led_invert  boards.o
    0x00027ccc   0x00000010   Code   RO          399    i.bsp_board_led_off  boards.o
    0x00027cdc   0x00000010   Code   RO          400    i.bsp_board_led_on  boards.o
    0x00027cec   0x00000020   Code   RO          401    i.bsp_board_led_state_get  boards.o
    0x00027d0c   0x00000012   Code   RO          402    i.bsp_board_leds_off  boards.o
    0x00027d1e   0x00000012   Code   RO          403    i.bsp_board_leds_on  boards.o
    0x00027d30   0x00000024   Code   RO          404    i.bsp_board_pin_to_button_idx  boards.o
    0x00027d54   0x0000002c   Code   RO          646    i.bsp_btn_ble_init  bsp_btn_ble.o
    0x00027d80   0x00000090   Code   RO          528    i.bsp_button_event_handler  bsp.o
    0x00027e10   0x0000000c   Code   RO          529    i.bsp_button_is_pressed  bsp.o
    0x00027e1c   0x0000004c   Code   RO            7    i.bsp_event_handler  main.o
    0x00027e68   0x00000044   Code   RO          532    i.bsp_event_to_button_action_assign  bsp.o
    0x00027eac   0x00000018   Code   RO          533    i.bsp_indication_set  bsp.o
    0x00027ec4   0x00000094   Code   RO          534    i.bsp_init          bsp.o
    0x00027f58   0x000001b8   Code   RO          535    i.bsp_led_indication  bsp.o
    0x00028110   0x00000090   Code   RO         5648    i.buf_prealloc      nrf_log_frontend.o
    0x000281a0   0x0000001e   Code   RO         4994    i.buffer_add        nrf_fprintf_format.o
    0x000281be   0x00000002   PAD
    0x000281c0   0x00000014   Code   RO         5649    i.buffer_is_empty   nrf_log_frontend.o
    0x000281d4   0x00000008   Code   RO          538    i.button_timer_handler  bsp.o
    0x000281dc   0x0000001c   Code   RO         3105    i.channel_free      nrfx_gpiote.o
    0x000281f8   0x00000048   Code   RO         3106    i.channel_port_alloc  nrfx_gpiote.o
    0x00028240   0x00000010   Code   RO         3107    i.channel_port_get  nrfx_gpiote.o
    0x00028250   0x00000038   Code   RO         2030    i.claim             peer_id.o
    0x00028288   0x00000028   Code   RO         2774    i.clock_clk_started_notify  nrf_drv_clock.o
    0x000282b0   0x0000001c   Code   RO         2775    i.clock_irq_handler  nrf_drv_clock.o
    0x000282cc   0x000000ac   Code   RO         4028    i.compare_reg_update  app_timer.o
    0x00028378   0x0000003e   Code   RO          981    i.conn_handle_list_get  ble_conn_state.o
    0x000283b6   0x00000088   Code   RO          698    i.conn_int_encode   ble_advdata.o
    0x0002843e   0x00000004   Code   RO            8    i.conn_params_error_handler  main.o
    0x00028442   0x00000002   PAD
    0x00028444   0x00000048   Code   RO          894    i.conn_params_negotiation  ble_conn_params.o
    0x0002848c   0x00000044   Code   RO         2498    i.conn_sec_failure  security_dispatcher.o
    0x000284d0   0x000000bc   Code   RO         1577    i.data_length_update  nrf_ble_gatt.o
    0x0002858c   0x00000080   Code   RO         1186    i.db_update_pending_handle  gatt_cache_manager.o
    0x0002860c   0x00000080   Code   RO         4281    i.delete_execute    fds.o
    0x0002868c   0x00000098   Code   RO         3798    i.detection_delay_timeout_handler  app_button.o
    0x00028724   0x00000014   Code   RO         5651    i.dropped_sat16_get  nrf_log_frontend.o
    0x00028738   0x00000040   Code   RO         4029    i.elapsed_ticks_acquire  app_timer.o
    0x00028778   0x0000000a   Code   RO         2499    i.encryption_failure  security_dispatcher.o
    0x00028782   0x00000002   PAD
    0x00028784   0x0000004c   Code   RO         5118    i.erase             nrf_fstorage_sd.o
    0x000287d0   0x00000074   Code   RO         4282    i.event_prepare     fds.o
    0x00028844   0x00000020   Code   RO         4283    i.event_send        fds.o
    0x00028864   0x00000054   Code   RO         5119    i.event_send        nrf_fstorage_sd.o
    0x000288b8   0x00000074   Code   RO         2629    i.events_send_from_err_code  security_manager.o
    0x0002892c   0x0000001c   Code   RO         1187    i.evt_send          gatt_cache_manager.o
    0x00028948   0x0000002c   Code   RO         2121    i.evt_send          peer_manager.o
    0x00028974   0x0000001c   Code   RO         2500    i.evt_send          security_dispatcher.o
    0x00028990   0x0000000c   Code   RO         2630    i.evt_send          security_manager.o
    0x0002899c   0x000000cc   Code   RO         1720    i.fds_evt_handler   peer_data_storage.o
    0x00028a68   0x00000044   Code   RO         4285    i.fds_file_delete   fds.o
    0x00028aac   0x0000003c   Code   RO         4286    i.fds_gc            fds.o
    0x00028ae8   0x000000d0   Code   RO         4287    i.fds_init          fds.o
    0x00028bb8   0x00000040   Code   RO         4288    i.fds_record_close  fds.o
    0x00028bf8   0x0000000e   Code   RO         4290    i.fds_record_find   fds.o
    0x00028c06   0x00000010   Code   RO         4291    i.fds_record_find_by_key  fds.o
    0x00028c16   0x00000010   Code   RO         4292    i.fds_record_find_in_file  fds.o
    0x00028c26   0x00000010   Code   RO         4293    i.fds_record_id_from_desc  fds.o
    0x00028c36   0x00000002   PAD
    0x00028c38   0x00000048   Code   RO         4295    i.fds_record_open   fds.o
    0x00028c80   0x0000000e   Code   RO         4296    i.fds_record_update  fds.o
    0x00028c8e   0x00000008   Code   RO         4297    i.fds_record_write  fds.o
    0x00028c96   0x0000000c   Code   RO         4298    i.fds_record_write_reserved  fds.o
    0x00028ca2   0x00000002   PAD
    0x00028ca4   0x0000002c   Code   RO         4299    i.fds_register      fds.o
    0x00028cd0   0x00000030   Code   RO         4300    i.fds_reserve       fds.o
    0x00028d00   0x00000048   Code   RO         4301    i.fds_reserve_cancel  fds.o
    0x00028d48   0x00000014   Code   RO         1721    i.file_id_within_pm_range  peer_data_storage.o
    0x00028d5c   0x00000012   Code   RO         2501    i.flag_id_init      security_dispatcher.o
    0x00028d6e   0x00000012   Code   RO         2631    i.flag_id_init      security_manager.o
    0x00028d80   0x00000028   Code   RO          806    i.flags_set         ble_advertising.o
    0x00028da8   0x00000054   Code   RO         2632    i.flags_set_from_err_code  security_manager.o
    0x00028dfc   0x00000030   Code   RO          982    i.for_each_set_flag  ble_conn_state.o
    0x00028e2c   0x00000006   Code   RO         4303    i.fs_event_handler  fds.o
    0x00028e32   0x00000002   PAD
    0x00028e34   0x0000006c   Code   RO            9    i.gap_params_init   main.o
    0x00028ea0   0x00000074   Code   RO         4304    i.gc_execute        fds.o
    0x00028f14   0x0000004c   Code   RO         4305    i.gc_next_page      fds.o
    0x00028f60   0x00000040   Code   RO         4306    i.gc_page_erase     fds.o
    0x00028fa0   0x00000034   Code   RO         4307    i.gc_record_copy    fds.o
    0x00028fd4   0x00000024   Code   RO         4308    i.gc_record_find_next  fds.o
    0x00028ff8   0x00000088   Code   RO         4309    i.gc_state_advance  fds.o
    0x00029080   0x0000009c   Code   RO         1188    i.gcm_ble_evt_handler  gatt_cache_manager.o
    0x0002911c   0x00000030   Code   RO         1189    i.gcm_im_evt_handler  gatt_cache_manager.o
    0x0002914c   0x00000050   Code   RO         1190    i.gcm_init          gatt_cache_manager.o
    0x0002919c   0x00000078   Code   RO         1193    i.gcm_pdb_evt_handler  gatt_cache_manager.o
    0x00029214   0x00000038   Code   RO         1391    i.get_connection_by_conn_handle  id_manager.o
    0x0002924c   0x00000030   Code   RO         1392    i.get_free_connection  id_manager.o
    0x0002927c   0x00000084   Code   RO         3799    i.gpiote_event_handler  app_button.o
    0x00029300   0x0000001c   Code   RO         1310    i.gscm_db_change_notification_done  gatts_cache_manager.o
    0x0002931c   0x00000014   Code   RO         1311    i.gscm_init         gatts_cache_manager.o
    0x00029330   0x0000006a   Code   RO         1313    i.gscm_local_db_cache_apply  gatts_cache_manager.o
    0x0002939a   0x00000082   Code   RO         1314    i.gscm_local_db_cache_update  gatts_cache_manager.o
    0x0002941c   0x00000018   Code   RO         1315    i.gscm_pdb_evt_handler  gatts_cache_manager.o
    0x00029434   0x0000001e   Code   RO         1316    i.gscm_service_changed_ind_needed  gatts_cache_manager.o
    0x00029452   0x00000002   PAD
    0x00029454   0x00000038   Code   RO         1317    i.gscm_service_changed_ind_send  gatts_cache_manager.o
    0x0002948c   0x00000026   Code   RO         4310    i.header_check      fds.o
    0x000294b2   0x00000012   Code   RO         4311    i.header_has_next   fds.o
    0x000294c4   0x00000046   Code   RO         1393    i.im_address_resolve  id_manager.o
    0x0002950a   0x00000002   PAD
    0x0002950c   0x00000030   Code   RO         1394    i.im_ble_addr_get   id_manager.o
    0x0002953c   0x000000c8   Code   RO         1395    i.im_ble_evt_handler  id_manager.o
    0x00029604   0x0000002c   Code   RO         1396    i.im_conn_handle_get  id_manager.o
    0x00029630   0x00000038   Code   RO         1398    i.im_find_duplicate_bonding_data  id_manager.o
    0x00029668   0x00000040   Code   RO         1401    i.im_init           id_manager.o
    0x000296a8   0x00000072   Code   RO         1402    i.im_is_duplicate_bonding_data  id_manager.o
    0x0002971a   0x00000018   Code   RO         1403    i.im_master_id_is_valid  id_manager.o
    0x00029732   0x0000002a   Code   RO         1404    i.im_master_ids_compare  id_manager.o
    0x0002975c   0x00000004   Code   RO         1405    i.im_new_peer_id    id_manager.o
    0x00029760   0x00000026   Code   RO         1406    i.im_peer_free      id_manager.o
    0x00029786   0x00000002   PAD
    0x00029788   0x00000020   Code   RO         1407    i.im_peer_id_get_by_conn_handle  id_manager.o
    0x000297a8   0x0000003c   Code   RO         1408    i.im_peer_id_get_by_master_id  id_manager.o
    0x000297e4   0x00000034   Code   RO         5120    i.init              nrf_fstorage_sd.o
    0x00029818   0x000000c8   Code   RO         4312    i.init_execute      fds.o
    0x000298e0   0x00000014   Code   RO          895    i.instance_get      ble_conn_params.o
    0x000298f4   0x000000a6   Code   RO         4995    i.int_print         nrf_fprintf_format.o
    0x0002999a   0x00000002   PAD
    0x0002999c   0x00000080   Code   RO         3643    i.interrupts_enable  nrfx_uarte.o
    0x00029a1c   0x0000004c   Code   RO         5652    i.invalid_packets_pushed_str_omit  nrf_log_frontend.o
    0x00029a68   0x00000010   Code   RO         5121    i.is_busy           nrf_fstorage_sd.o
    0x00029a78   0x00000044   Code   RO          896    i.is_conn_params_ok  ble_conn_params.o
    0x00029abc   0x00000014   Code   RO         1413    i.is_valid_irk      id_manager.o
    0x00029ad0   0x0000000c   Code   RO         4313    i.is_word_aligned   fds.o
    0x00029adc   0x00000030   Code   RO          539    i.leds_off          bsp.o
    0x00029b0c   0x00000014   Code   RO          540    i.leds_timer_handler  bsp.o
    0x00029b20   0x00000014   Code   RO         1578    i.link_init         nrf_ble_gatt.o
    0x00029b34   0x000000b8   Code   RO         2633    i.link_secure       security_manager.o
    0x00029bec   0x0000008c   Code   RO         2502    i.link_secure_failure  security_dispatcher.o
    0x00029c78   0x0000002c   Code   RO         2634    i.link_secure_pending_handle  security_manager.o
    0x00029ca4   0x000000f8   Code   RO         4030    i.list_insertions_handler  app_timer.o
    0x00029d9c   0x00000068   Code   RO         1194    i.local_db_apply_in_evt  gatt_cache_manager.o
    0x00029e04   0x00000010   Code   RO         1195    i.local_db_update   gatt_cache_manager.o
    0x00029e14   0x00000032   Code   RO         2443    i.lock_by_mask      pm_mutex.o
    0x00029e46   0x00000002   PAD
    0x00029e48   0x0000009c   Code   RO         5653    i.log_skip          nrf_log_frontend.o
    0x00029ee4   0x00000194   Code   RO           10    i.main              main.o
    0x0002a078   0x00000064   Code   RO          699    i.manuf_specific_data_encode  ble_advdata.o
    0x0002a0dc   0x00000076   Code   RO         5233    i.memobj_op         nrf_memobj.o
    0x0002a152   0x00000002   PAD
    0x0002a154   0x00000030   Code   RO         5654    i.module_idx_get    nrf_log_frontend.o
    0x0002a184   0x0000009c   Code   RO          700    i.name_encode       ble_advdata.o
    0x0002a220   0x00000058   Code   RO         1414    i.new_connection    id_manager.o
    0x0002a278   0x00000014   Code   RO         2635    i.new_context_get   security_manager.o
    0x0002a28c   0x00000030   Code   RO         2031    i.next_id_get       peer_id.o
    0x0002a2bc   0x00000010   Code   RO         4648    i.nrf_atfifo_clear  nrf_atfifo.o
    0x0002a2cc   0x00000026   Code   RO         4650    i.nrf_atfifo_init   nrf_atfifo.o
    0x0002a2f2   0x00000016   Code   RO         4651    i.nrf_atfifo_item_alloc  nrf_atfifo.o
    0x0002a308   0x00000016   Code   RO         4652    i.nrf_atfifo_item_free  nrf_atfifo.o
    0x0002a31e   0x00000016   Code   RO         4653    i.nrf_atfifo_item_get  nrf_atfifo.o
    0x0002a334   0x00000016   Code   RO         4654    i.nrf_atfifo_item_put  nrf_atfifo.o
    0x0002a34a   0x00000016   Code   RO         4716    i.nrf_atflags_clear  nrf_atflags.o
    0x0002a360   0x00000020   Code   RO         4718    i.nrf_atflags_fetch_set  nrf_atflags.o
    0x0002a380   0x0000004a   Code   RO         4720    i.nrf_atflags_find_and_set_flag  nrf_atflags.o
    0x0002a3ca   0x00000016   Code   RO         4721    i.nrf_atflags_get   nrf_atflags.o
    0x0002a3e0   0x00000014   Code   RO         4723    i.nrf_atflags_set   nrf_atflags.o
    0x0002a3f4   0x00000006   Code   RO         4784    i.nrf_atomic_flag_clear_fetch  nrf_atomic.o
    0x0002a3fa   0x00000006   Code   RO         4785    i.nrf_atomic_flag_set  nrf_atomic.o
    0x0002a400   0x00000006   Code   RO         4786    i.nrf_atomic_flag_set_fetch  nrf_atomic.o
    0x0002a406   0x0000000c   Code   RO         4787    i.nrf_atomic_u32_add  nrf_atomic.o
    0x0002a412   0x0000000c   Code   RO         4788    i.nrf_atomic_u32_and  nrf_atomic.o
    0x0002a41e   0x0000000a   Code   RO         4790    i.nrf_atomic_u32_fetch_add  nrf_atomic.o
    0x0002a428   0x0000000a   Code   RO         4791    i.nrf_atomic_u32_fetch_and  nrf_atomic.o
    0x0002a432   0x0000000a   Code   RO         4792    i.nrf_atomic_u32_fetch_or  nrf_atomic.o
    0x0002a43c   0x0000000a   Code   RO         4793    i.nrf_atomic_u32_fetch_store  nrf_atomic.o
    0x0002a446   0x0000000c   Code   RO         4797    i.nrf_atomic_u32_or  nrf_atomic.o
    0x0002a452   0x0000000c   Code   RO         4799    i.nrf_atomic_u32_sub  nrf_atomic.o
    0x0002a45e   0x00000044   Code   RO         4918    i.nrf_balloc_alloc  nrf_balloc.o
    0x0002a4a2   0x00000030   Code   RO         4919    i.nrf_balloc_free   nrf_balloc.o
    0x0002a4d2   0x00000030   Code   RO         4920    i.nrf_balloc_init   nrf_balloc.o
    0x0002a502   0x00000010   Code   RO         3108    i.nrf_bitmask_bit_is_set  nrfx_gpiote.o
    0x0002a512   0x00000014   Code   RO         3109    i.nrf_bitmask_bit_set  nrfx_gpiote.o
    0x0002a526   0x00000022   Code   RO         1584    i.nrf_ble_gatt_init  nrf_ble_gatt.o
    0x0002a548   0x00000148   Code   RO         1585    i.nrf_ble_gatt_on_ble_evt  nrf_ble_gatt.o
    0x0002a690   0x00000016   Code   RO         1679    i.nrf_ble_qwr_conn_handle_assign  nrf_ble_qwr.o
    0x0002a6a6   0x00000024   Code   RO         1680    i.nrf_ble_qwr_init  nrf_ble_qwr.o
    0x0002a6ca   0x000000b6   Code   RO         1681    i.nrf_ble_qwr_on_ble_evt  nrf_ble_qwr.o
    0x0002a780   0x0000000e   Code   RO         2973    i.nrf_clock_event_check  nrfx_clock.o
    0x0002a78e   0x00000010   Code   RO         2974    i.nrf_clock_event_clear  nrfx_clock.o
    0x0002a79e   0x00000002   PAD
    0x0002a7a0   0x00000038   Code   RO         2782    i.nrf_drv_clock_init  nrf_drv_clock.o
    0x0002a7d8   0x00000030   Code   RO         2786    i.nrf_drv_clock_lfclk_release  nrf_drv_clock.o
    0x0002a808   0x00000068   Code   RO         2920    i.nrf_drv_uart_init  nrf_drv_uart.o
    0x0002a870   0x0000001a   Code   RO         4955    i.nrf_fprintf       nrf_fprintf.o
    0x0002a88a   0x00000018   Code   RO         4956    i.nrf_fprintf_buffer_flush  nrf_fprintf.o
    0x0002a8a2   0x000001da   Code   RO         4996    i.nrf_fprintf_fmt   nrf_fprintf_format.o
    0x0002aa7c   0x0000012c   Code   RO         5036    i.nrf_fstorage_erase  nrf_fstorage.o
    0x0002aba8   0x00000088   Code   RO         5037    i.nrf_fstorage_init  nrf_fstorage.o
    0x0002ac30   0x00000050   Code   RO         5038    i.nrf_fstorage_is_busy  nrf_fstorage.o
    0x0002ac80   0x00000018   Code   RO         5122    i.nrf_fstorage_sdh_req_handler  nrf_fstorage_sd.o
    0x0002ac98   0x00000020   Code   RO         5123    i.nrf_fstorage_sdh_state_handler  nrf_fstorage_sd.o
    0x0002acb8   0x000000a4   Code   RO         5124    i.nrf_fstorage_sys_evt_handler  nrf_fstorage_sd.o
    0x0002ad5c   0x000001d4   Code   RO         5043    i.nrf_fstorage_write  nrf_fstorage.o
    0x0002af30   0x00000024   Code   RO          406    i.nrf_gpio_cfg      boards.o
    0x0002af54   0x00000024   Code   RO         3110    i.nrf_gpio_cfg      nrfx_gpiote.o
    0x0002af78   0x00000024   Code   RO         3455    i.nrf_gpio_cfg      nrfx_uart.o
    0x0002af9c   0x00000024   Code   RO         3644    i.nrf_gpio_cfg      nrfx_uarte.o
    0x0002afc0   0x00000012   Code   RO         3456    i.nrf_gpio_cfg_default  nrfx_uart.o
    0x0002afd2   0x00000012   Code   RO         3645    i.nrf_gpio_cfg_default  nrfx_uarte.o
    0x0002afe4   0x00000012   Code   RO         3457    i.nrf_gpio_cfg_input  nrfx_uart.o
    0x0002aff6   0x00000012   Code   RO         3646    i.nrf_gpio_cfg_input  nrfx_uarte.o
    0x0002b008   0x00000014   Code   RO         3458    i.nrf_gpio_cfg_output  nrfx_uart.o
    0x0002b01c   0x00000014   Code   RO         3647    i.nrf_gpio_cfg_output  nrfx_uarte.o
    0x0002b030   0x00000022   Code   RO         3112    i.nrf_gpio_cfg_sense_set  nrfx_gpiote.o
    0x0002b052   0x00000016   Code   RO          407    i.nrf_gpio_pin_write  boards.o
    0x0002b068   0x00000028   Code   RO         3113    i.nrf_gpio_ports_read  nrfx_gpiote.o
    0x0002b090   0x00000014   Code   RO         3114    i.nrf_gpiote_event_clear  nrfx_gpiote.o
    0x0002b0a4   0x00000010   Code   RO         3115    i.nrf_gpiote_event_is_set  nrfx_gpiote.o
    0x0002b0b4   0x00000050   Code   RO         5655    i.nrf_log_backend_add  nrf_log_frontend.o
    0x0002b104   0x000000c8   Code   RO         5496    i.nrf_log_backend_serial_put  nrf_log_backend_serial.o
    0x0002b1cc   0x00000002   Code   RO         5536    i.nrf_log_backend_uart_flush  nrf_log_backend_uart.o
    0x0002b1ce   0x00000006   Code   RO         5537    i.nrf_log_backend_uart_init  nrf_log_backend_uart.o
    0x0002b1d4   0x0000002c   Code   RO         5538    i.nrf_log_backend_uart_panic_set  nrf_log_backend_uart.o
    0x0002b200   0x00000018   Code   RO         5539    i.nrf_log_backend_uart_put  nrf_log_backend_uart.o
    0x0002b218   0x00000030   Code   RO         5657    i.nrf_log_color_id_get  nrf_log_frontend.o
    0x0002b248   0x0000001c   Code   RO         5615    i.nrf_log_default_backends_init  nrf_log_default_backends.o
    0x0002b264   0x00000220   Code   RO         5658    i.nrf_log_frontend_dequeue  nrf_log_frontend.o
    0x0002b484   0x00000008   Code   RO         5660    i.nrf_log_frontend_std_0  nrf_log_frontend.o
    0x0002b48c   0x0000000e   Code   RO         5661    i.nrf_log_frontend_std_1  nrf_log_frontend.o
    0x0002b49a   0x00000010   Code   RO         5662    i.nrf_log_frontend_std_2  nrf_log_frontend.o
    0x0002b4aa   0x00000012   Code   RO         5663    i.nrf_log_frontend_std_3  nrf_log_frontend.o
    0x0002b4bc   0x000000ac   Code   RO         5835    i.nrf_log_hexdump_entry_process  nrf_log_str_formatter.o
    0x0002b568   0x00000058   Code   RO         5667    i.nrf_log_init      nrf_log_frontend.o
    0x0002b5c0   0x00000014   Code   RO         5668    i.nrf_log_module_cnt_get  nrf_log_frontend.o
    0x0002b5d4   0x0000001c   Code   RO         5671    i.nrf_log_module_name_get  nrf_log_frontend.o
    0x0002b5f0   0x00000028   Code   RO         5672    i.nrf_log_panic     nrf_log_frontend.o
    0x0002b618   0x000000b6   Code   RO         5836    i.nrf_log_std_entry_process  nrf_log_str_formatter.o
    0x0002b6ce   0x00000060   Code   RO         5234    i.nrf_memobj_alloc  nrf_memobj.o
    0x0002b72e   0x00000032   Code   RO         5235    i.nrf_memobj_free   nrf_memobj.o
    0x0002b760   0x00000008   Code   RO         5236    i.nrf_memobj_get    nrf_memobj.o
    0x0002b768   0x00000004   Code   RO         5237    i.nrf_memobj_pool_init  nrf_memobj.o
    0x0002b76c   0x0000001e   Code   RO         5238    i.nrf_memobj_put    nrf_memobj.o
    0x0002b78a   0x0000000c   Code   RO         5239    i.nrf_memobj_read   nrf_memobj.o
    0x0002b796   0x0000000c   Code   RO         5240    i.nrf_memobj_write  nrf_memobj.o
    0x0002b7a2   0x00000002   PAD
    0x0002b7a4   0x00000028   Code   RO         5312    i.nrf_pwr_mgmt_init  nrf_pwr_mgmt.o
    0x0002b7cc   0x00000044   Code   RO         5313    i.nrf_pwr_mgmt_run  nrf_pwr_mgmt.o
    0x0002b810   0x00000004   Code   RO           11    i.nrf_qwr_error_handler  main.o
    0x0002b814   0x00000014   Code   RO         6380    i.nrf_sdh_ble_app_ram_start_get  nrf_sdh_ble.o
    0x0002b828   0x00000108   Code   RO         6381    i.nrf_sdh_ble_default_cfg_set  nrf_sdh_ble.o
    0x0002b930   0x0000012c   Code   RO         6382    i.nrf_sdh_ble_enable  nrf_sdh_ble.o
    0x0002ba5c   0x0000005c   Code   RO         6383    i.nrf_sdh_ble_evts_poll  nrf_sdh_ble.o
    0x0002bab8   0x00000054   Code   RO         6252    i.nrf_sdh_disable_request  nrf_sdh.o
    0x0002bb0c   0x00000090   Code   RO         6253    i.nrf_sdh_enable_request  nrf_sdh.o
    0x0002bb9c   0x00000024   Code   RO         6254    i.nrf_sdh_evts_poll  nrf_sdh.o
    0x0002bbc0   0x0000000c   Code   RO         6255    i.nrf_sdh_is_enabled  nrf_sdh.o
    0x0002bbcc   0x0000001c   Code   RO         6257    i.nrf_sdh_request_continue  nrf_sdh.o
    0x0002bbe8   0x0000003c   Code   RO         6431    i.nrf_sdh_soc_evts_poll  nrf_sdh_soc.o
    0x0002bc24   0x0000000a   Code   RO         5381    i.nrf_section_iter_init  nrf_section_iter.o
    0x0002bc2e   0x00000024   Code   RO         5382    i.nrf_section_iter_item_set  nrf_section_iter.o
    0x0002bc52   0x00000020   Code   RO         5383    i.nrf_section_iter_next  nrf_section_iter.o
    0x0002bc72   0x00000002   PAD
    0x0002bc74   0x00000038   Code   RO         5416    i.nrf_strerror_find  nrf_strerror.o
    0x0002bcac   0x00000014   Code   RO         5417    i.nrf_strerror_get  nrf_strerror.o
    0x0002bcc0   0x0000000a   Code   RO         3459    i.nrf_uart_event_check  nrfx_uart.o
    0x0002bcca   0x0000000c   Code   RO         3460    i.nrf_uart_event_clear  nrfx_uart.o
    0x0002bcd6   0x0000000c   Code   RO         3461    i.nrf_uart_int_enable_check  nrfx_uart.o
    0x0002bce2   0x0000000a   Code   RO         3648    i.nrf_uarte_event_check  nrfx_uarte.o
    0x0002bcec   0x0000000c   Code   RO         3649    i.nrf_uarte_event_clear  nrfx_uarte.o
    0x0002bcf8   0x0000002c   Code   RO         2979    i.nrfx_clock_enable  nrfx_clock.o
    0x0002bd24   0x00000020   Code   RO         2982    i.nrfx_clock_init   nrfx_clock.o
    0x0002bd44   0x0000001c   Code   RO         2985    i.nrfx_clock_lfclk_stop  nrfx_clock.o
    0x0002bd60   0x00000010   Code   RO         4031    i.nrfx_coredep_delay_us  app_timer.o
    0x0002bd70   0x000000a4   Code   RO         3120    i.nrfx_gpiote_in_event_enable  nrfx_gpiote.o
    0x0002be14   0x000000d0   Code   RO         3121    i.nrfx_gpiote_in_init  nrfx_gpiote.o
    0x0002bee4   0x00000014   Code   RO         3122    i.nrfx_gpiote_in_is_set  nrfx_gpiote.o
    0x0002bef8   0x00000070   Code   RO         3124    i.nrfx_gpiote_init  nrfx_gpiote.o
    0x0002bf68   0x00000014   Code   RO         3125    i.nrfx_gpiote_is_init  nrfx_gpiote.o
    0x0002bf7c   0x00000010   Code   RO         3650    i.nrfx_is_in_ram    nrfx_uarte.o
    0x0002bf8c   0x0000003a   Code   RO         3404    i.nrfx_prs_acquire  nrfx_prs.o
    0x0002bfc6   0x00000012   Code   RO         3405    i.nrfx_prs_release  nrfx_prs.o
    0x0002bfd8   0x00000010   Code   RO         3462    i.nrfx_uart_0_irq_handler  nrfx_uart.o
    0x0002bfe8   0x000000d4   Code   RO         3464    i.nrfx_uart_init    nrfx_uart.o
    0x0002c0bc   0x000000a4   Code   RO         3470    i.nrfx_uart_tx      nrfx_uart.o
    0x0002c160   0x00000020   Code   RO         3472    i.nrfx_uart_tx_in_progress  nrfx_uart.o
    0x0002c180   0x000000b4   Code   RO         3473    i.nrfx_uart_uninit  nrfx_uart.o
    0x0002c234   0x00000010   Code   RO         3651    i.nrfx_uarte_0_irq_handler  nrfx_uarte.o
    0x0002c244   0x0000006c   Code   RO         3653    i.nrfx_uarte_init   nrfx_uarte.o
    0x0002c2b0   0x00000090   Code   RO         3657    i.nrfx_uarte_tx     nrfx_uarte.o
    0x0002c340   0x0000001c   Code   RO         3659    i.nrfx_uarte_tx_in_progress  nrfx_uarte.o
    0x0002c35c   0x000000b0   Code   RO         3660    i.nrfx_uarte_uninit  nrfx_uarte.o
    0x0002c40c   0x0000004c   Code   RO           12    i.on_adv_evt        main.o
    0x0002c458   0x0000001c   Code   RO           13    i.on_conn_params_evt  main.o
    0x0002c474   0x000000a0   Code   RO         1586    i.on_connected_evt  nrf_ble_gatt.o
    0x0002c514   0x000000a4   Code   RO         1587    i.on_exchange_mtu_request_evt  nrf_ble_gatt.o
    0x0002c5b8   0x00000024   Code   RO         4314    i.page_identify     fds.o
    0x0002c5dc   0x0000001c   Code   RO         4315    i.page_offsets_update  fds.o
    0x0002c5f8   0x0000006c   Code   RO         4316    i.page_scan         fds.o
    0x0002c664   0x0000001c   Code   RO         4317    i.page_tag_write_data  fds.o
    0x0002c680   0x00000024   Code   RO         4318    i.page_tag_write_swap  fds.o
    0x0002c6a4   0x0000011c   Code   RO         4319    i.pages_init        fds.o
    0x0002c7c0   0x0000000c   Code   RO         2503    i.pairing           security_dispatcher.o
    0x0002c7cc   0x00000006   Code   RO         2636    i.params_reply_pending_handle  security_manager.o
    0x0002c7d2   0x00000028   Code   RO         2637    i.params_req_send   security_manager.o
    0x0002c7fa   0x00000002   PAD
    0x0002c7fc   0x0000001c   Code   RO         1862    i.pdb_evt_send      peer_database.o
    0x0002c818   0x0000004c   Code   RO         1863    i.pdb_init          peer_database.o
    0x0002c864   0x00000004   Code   RO         1865    i.pdb_next_deleted_peer_id_get  peer_database.o
    0x0002c868   0x00000004   Code   RO         1866    i.pdb_next_peer_id_get  peer_database.o
    0x0002c86c   0x00000074   Code   RO         1867    i.pdb_pds_evt_handler  peer_database.o
    0x0002c8e0   0x00000004   Code   RO         1868    i.pdb_peer_allocate  peer_database.o
    0x0002c8e4   0x00000010   Code   RO         1869    i.pdb_peer_data_load  peer_database.o
    0x0002c8f4   0x00000006   Code   RO         1870    i.pdb_peer_data_ptr_get  peer_database.o
    0x0002c8fa   0x00000044   Code   RO         1871    i.pdb_peer_free     peer_database.o
    0x0002c93e   0x00000008   Code   RO         1872    i.pdb_raw_store     peer_database.o
    0x0002c946   0x00000002   PAD
    0x0002c948   0x000000c4   Code   RO         1873    i.pdb_write_buf_get  peer_database.o
    0x0002ca0c   0x00000028   Code   RO         1874    i.pdb_write_buf_release  peer_database.o
    0x0002ca34   0x00000028   Code   RO         1875    i.pdb_write_buf_store  peer_database.o
    0x0002ca5c   0x00000068   Code   RO         1876    i.pdb_write_buf_store_prepare  peer_database.o
    0x0002cac4   0x00000010   Code   RO         1722    i.pds_evt_send      peer_data_storage.o
    0x0002cad4   0x0000006c   Code   RO         1723    i.pds_init          peer_data_storage.o
    0x0002cb40   0x00000004   Code   RO         1724    i.pds_next_deleted_peer_id_get  peer_data_storage.o
    0x0002cb44   0x00000004   Code   RO         1725    i.pds_next_peer_id_get  peer_data_storage.o
    0x0002cb48   0x00000058   Code   RO         1728    i.pds_peer_data_iterate  peer_data_storage.o
    0x0002cba0   0x00000010   Code   RO         1729    i.pds_peer_data_iterate_prepare  peer_data_storage.o
    0x0002cbb0   0x00000068   Code   RO         1730    i.pds_peer_data_read  peer_data_storage.o
    0x0002cc18   0x00000096   Code   RO         1731    i.pds_peer_data_store  peer_data_storage.o
    0x0002ccae   0x00000008   Code   RO         1732    i.pds_peer_id_allocate  peer_data_storage.o
    0x0002ccb6   0x00000016   Code   RO         1733    i.pds_peer_id_free  peer_data_storage.o
    0x0002cccc   0x00000004   Code   RO         1734    i.pds_peer_id_is_allocated  peer_data_storage.o
    0x0002ccd0   0x0000002e   Code   RO         1735    i.pds_space_reserve  peer_data_storage.o
    0x0002ccfe   0x00000010   Code   RO         1736    i.pds_space_reserve_cancel  peer_data_storage.o
    0x0002cd0e   0x00000002   PAD
    0x0002cd10   0x0000000c   Code   RO         2504    i.peer_created      security_dispatcher.o
    0x0002cd1c   0x00000006   Code   RO         1877    i.peer_data_const_point_to_buffer  peer_database.o
    0x0002cd22   0x00000002   PAD
    0x0002cd24   0x00000078   Code   RO         1737    i.peer_data_delete_process  peer_data_storage.o
    0x0002cd9c   0x00000030   Code   RO         1738    i.peer_data_find    peer_data_storage.o
    0x0002cdcc   0x00000020   Code   RO         1739    i.peer_data_id_is_valid  peer_data_storage.o
    0x0002cdec   0x0000001a   Code   RO         1878    i.peer_data_point_to_buffer  peer_database.o
    0x0002ce06   0x00000002   PAD
    0x0002ce08   0x0000000c   Code   RO         2032    i.peer_id_allocate  peer_id.o
    0x0002ce14   0x00000024   Code   RO         2033    i.peer_id_delete    peer_id.o
    0x0002ce38   0x0000001c   Code   RO         2034    i.peer_id_free      peer_id.o
    0x0002ce54   0x0000000c   Code   RO         2035    i.peer_id_get_next_deleted  peer_id.o
    0x0002ce60   0x00000030   Code   RO         2036    i.peer_id_get_next_used  peer_id.o
    0x0002ce90   0x00000028   Code   RO         2037    i.peer_id_init      peer_id.o
    0x0002ceb8   0x00000014   Code   RO         2038    i.peer_id_is_allocated  peer_id.o
    0x0002cecc   0x00000014   Code   RO         2039    i.peer_id_is_deleted  peer_id.o
    0x0002cee0   0x0000001c   Code   RO         1415    i.peer_id_set       id_manager.o
    0x0002cefc   0x0000006c   Code   RO           14    i.peer_manager_init  main.o
    0x0002cf68   0x00000012   Code   RO          807    i.phy_is_valid      ble_advertising.o
    0x0002cf7a   0x00000002   PAD
    0x0002cf7c   0x00000018   Code   RO         3141    i.pin_in_use_by_port  nrfx_gpiote.o
    0x0002cf94   0x00000018   Code   RO         3142    i.pin_in_use_by_te  nrfx_gpiote.o
    0x0002cfac   0x0000005c   Code   RO         2401    i.pm_buffer_block_acquire  pm_buffer.o
    0x0002d008   0x00000040   Code   RO         2402    i.pm_buffer_init    pm_buffer.o
    0x0002d048   0x00000028   Code   RO         2403    i.pm_buffer_ptr_get  pm_buffer.o
    0x0002d070   0x0000002e   Code   RO         2404    i.pm_buffer_release  pm_buffer.o
    0x0002d09e   0x0000000a   Code   RO         2124    i.pm_conn_sec_config_reply  peer_manager.o
    0x0002d0a8   0x000000f8   Code   RO           15    i.pm_evt_handler    main.o
    0x0002d1a0   0x00000004   Code   RO         2129    i.pm_gcm_evt_handler  peer_manager.o
    0x0002d1a4   0x00000004   Code   RO         2132    i.pm_im_evt_handler  peer_manager.o
    0x0002d1a8   0x0000004c   Code   RO         2133    i.pm_init           peer_manager.o
    0x0002d1f4   0x0000000e   Code   RO         2444    i.pm_mutex_init     pm_mutex.o
    0x0002d202   0x0000001a   Code   RO         2445    i.pm_mutex_lock     pm_mutex.o
    0x0002d21c   0x00000036   Code   RO         2446    i.pm_mutex_lock_first_available  pm_mutex.o
    0x0002d252   0x00000018   Code   RO         2447    i.pm_mutex_lock_status_get  pm_mutex.o
    0x0002d26a   0x0000003a   Code   RO         2448    i.pm_mutex_unlock   pm_mutex.o
    0x0002d2a4   0x00000118   Code   RO         2137    i.pm_pdb_evt_handler  peer_manager.o
    0x0002d3bc   0x00000014   Code   RO         2148    i.pm_peer_delete    peer_manager.o
    0x0002d3d0   0x000000b8   Code   RO         2152    i.pm_peer_ranks_get  peer_manager.o
    0x0002d488   0x00000068   Code   RO         2153    i.pm_peers_delete   peer_manager.o
    0x0002d4f0   0x0000002c   Code   RO         2156    i.pm_register       peer_manager.o
    0x0002d51c   0x00000014   Code   RO         2157    i.pm_sec_params_set  peer_manager.o
    0x0002d530   0x0000000a   Code   RO         2158    i.pm_sm_evt_handler  peer_manager.o
    0x0002d53a   0x00000002   PAD
    0x0002d53c   0x0000003c   Code   RO         5838    i.postfix_process   nrf_log_str_formatter.o
    0x0002d578   0x00000098   Code   RO         5839    i.prefix_process    nrf_log_str_formatter.o
    0x0002d610   0x00000018   Code   RO         3406    i.prs_box_get       nrfx_prs.o
    0x0002d628   0x0000001c   Code   RO         4320    i.queue_buf_get     fds.o
    0x0002d644   0x00000010   Code   RO         4321    i.queue_buf_store   fds.o
    0x0002d654   0x00000014   Code   RO         5125    i.queue_free        nrf_fstorage_sd.o
    0x0002d668   0x000000a0   Code   RO         4322    i.queue_process     fds.o
    0x0002d708   0x000000a0   Code   RO         5126    i.queue_process     nrf_fstorage_sd.o
    0x0002d7a8   0x0000001c   Code   RO         4323    i.queue_start       fds.o
    0x0002d7c4   0x00000024   Code   RO         5127    i.queue_start       nrf_fstorage_sd.o
    0x0002d7e8   0x00000028   Code   RO         2161    i.rank_vars_update  peer_manager.o
    0x0002d810   0x0000000e   Code   RO         5128    i.read              nrf_fstorage_sd.o
    0x0002d81e   0x00000002   PAD
    0x0002d820   0x0000007c   Code   RO         1879    i.reattempt_previous_operations  peer_database.o
    0x0002d89c   0x00000088   Code   RO         4324    i.record_find       fds.o
    0x0002d924   0x000000a0   Code   RO         4325    i.record_find_by_desc  fds.o
    0x0002d9c4   0x0000005c   Code   RO         4326    i.record_find_next  fds.o
    0x0002da20   0x00000038   Code   RO         4327    i.record_header_flag_dirty  fds.o
    0x0002da58   0x00000010   Code   RO         2041    i.release           peer_id.o
    0x0002da68   0x00000004   Code   RO         5129    i.rmap              nrf_fstorage_sd.o
    0x0002da6c   0x0000003c   Code   RO         4032    i.rtc1_stop         app_timer.o
    0x0002daa8   0x00000032   Code   RO         3474    i.rx_byte           nrfx_uart.o
    0x0002dada   0x00000016   Code   RO         3475    i.rx_done_event     nrfx_uart.o
    0x0002daf0   0x00000018   Code   RO         3661    i.rx_done_event     nrfx_uarte.o
    0x0002db08   0x00000024   Code   RO         1196    i.sc_send_pending_handle  gatt_cache_manager.o
    0x0002db2c   0x00000042   Code   RO         6260    i.sd_nvic_SetPriority  nrf_sdh.o
    0x0002db6e   0x00000002   PAD
    0x0002db70   0x00000050   Code   RO         2789    i.sd_state_evt_handler  nrf_drv_clock.o
    0x0002dbc0   0x00000030   Code   RO         6261    i.sdh_request_observer_notify  nrf_sdh.o
    0x0002dbf0   0x0000002c   Code   RO         6262    i.sdh_state_observer_notify  nrf_sdh.o
    0x0002dc1c   0x000000a2   Code   RO         2505    i.sec_info_request_process  security_dispatcher.o
    0x0002dcbe   0x00000002   PAD
    0x0002dcc0   0x0000006c   Code   RO         2506    i.sec_keyset_fill   security_dispatcher.o
    0x0002dd2c   0x00000076   Code   RO         2638    i.sec_params_verify  security_manager.o
    0x0002dda2   0x00000002   PAD
    0x0002dda4   0x00000038   Code   RO         2507    i.sec_proc_housekeeping  security_dispatcher.o
    0x0002dddc   0x00000068   Code   RO         2508    i.sec_proc_start    security_dispatcher.o
    0x0002de44   0x00000022   Code   RO         2509    i.send_config_req   security_dispatcher.o
    0x0002de66   0x00000002   PAD
    0x0002de68   0x00000010   Code   RO          897    i.send_error_evt    ble_conn_params.o
    0x0002de78   0x00000028   Code   RO         1197    i.send_unexpected_error  gatt_cache_manager.o
    0x0002dea0   0x00000028   Code   RO         2510    i.send_unexpected_error  security_dispatcher.o
    0x0002dec8   0x00000040   Code   RO         5540    i.serial_tx         nrf_log_backend_uart.o
    0x0002df08   0x00000014   Code   RO         1198    i.service_changed_pending_flags_check  gatt_cache_manager.o
    0x0002df1c   0x00000044   Code   RO         1318    i.service_changed_pending_set  gatts_cache_manager.o
    0x0002df60   0x0000008c   Code   RO         1199    i.service_changed_send_in_evt  gatt_cache_manager.o
    0x0002dfec   0x00000088   Code   RO          701    i.service_data_encode  ble_advdata.o
    0x0002e074   0x0000001e   Code   RO           16    i.sleep_mode_enter  main.o
    0x0002e092   0x00000002   PAD
    0x0002e094   0x00000020   Code   RO         2639    i.sm_ble_evt_handler  security_manager.o
    0x0002e0b4   0x00000004   Code   RO         2640    i.sm_conn_sec_config_reply  security_manager.o
    0x0002e0b8   0x0000004c   Code   RO         2641    i.sm_init           security_manager.o
    0x0002e104   0x00000058   Code   RO         2644    i.sm_pdb_evt_handler  security_manager.o
    0x0002e15c   0x00000034   Code   RO         2646    i.sm_sec_params_set  security_manager.o
    0x0002e190   0x00000060   Code   RO         2647    i.sm_smd_evt_handler  security_manager.o
    0x0002e1f0   0x000000f4   Code   RO         2511    i.smd_ble_evt_handler  security_dispatcher.o
    0x0002e2e4   0x00000010   Code   RO         2512    i.smd_conn_sec_config_reply  security_dispatcher.o
    0x0002e2f4   0x00000058   Code   RO         2513    i.smd_init          security_dispatcher.o
    0x0002e34c   0x00000022   Code   RO         2514    i.smd_link_secure   security_dispatcher.o
    0x0002e36e   0x00000002   PAD
    0x0002e370   0x000000fc   Code   RO         2515    i.smd_params_reply  security_dispatcher.o
    0x0002e46c   0x00000040   Code   RO         2648    i.smd_params_reply_perform  security_manager.o
    0x0002e4ac   0x00000018   Code   RO         2790    i.soc_evt_handler   nrf_drv_clock.o
    0x0002e4c4   0x00000038   Code   RO         6263    i.softdevice_evt_irq_disable  nrf_sdh.o
    0x0002e4fc   0x00000050   Code   RO         6264    i.softdevices_evt_irq_enable  nrf_sdh.o
    0x0002e54c   0x0000008c   Code   RO         5674    i.std_n             nrf_log_frontend.o
    0x0002e5d8   0x00000080   Code   RO         4033    i.timer_list_handler  app_timer.o
    0x0002e658   0x0000003c   Code   RO         4034    i.timer_list_insert  app_timer.o
    0x0002e694   0x00000060   Code   RO         4035    i.timer_list_remove  app_timer.o
    0x0002e6f4   0x00000048   Code   RO         4036    i.timer_stop_op_schedule  app_timer.o
    0x0002e73c   0x00000074   Code   RO         4037    i.timer_timeouts_check  app_timer.o
    0x0002e7b0   0x00000020   Code   RO         3477    i.tx_byte           nrfx_uart.o
    0x0002e7d0   0x0000001a   Code   RO         3478    i.tx_done_event     nrfx_uart.o
    0x0002e7ea   0x00000002   PAD
    0x0002e7ec   0x00000030   Code   RO         2921    i.uart_evt_handler  nrf_drv_uart.o
    0x0002e81c   0x0000000c   Code   RO         5541    i.uart_evt_handler  nrf_log_backend_uart.o
    0x0002e828   0x00000050   Code   RO         5542    i.uart_init         nrf_log_backend_uart.o
    0x0002e878   0x00000128   Code   RO         3479    i.uart_irq_handler  nrfx_uart.o
    0x0002e9a0   0x00000030   Code   RO         2922    i.uarte_evt_handler  nrf_drv_uart.o
    0x0002e9d0   0x000000f4   Code   RO         3662    i.uarte_irq_handler  nrfx_uarte.o
    0x0002eac4   0x0000000a   Code   RO          702    i.uint16_encode     ble_advdata.o
    0x0002eace   0x00000002   PAD
    0x0002ead0   0x00000020   Code   RO         5130    i.uninit            nrf_fstorage_sd.o
    0x0002eaf0   0x000000b4   Code   RO         4997    i.unsigned_print    nrf_fprintf_format.o
    0x0002eba4   0x00000014   Code   RO         1200    i.update_pending_flags_check  gatt_cache_manager.o
    0x0002ebb8   0x00000068   Code   RO          898    i.update_timeout_handler  ble_conn_params.o
    0x0002ec20   0x00000018   Code   RO          808    i.use_whitelist     ble_advertising.o
    0x0002ec38   0x0000000c   Code   RO          983    i.user_flag_is_acquired  ble_conn_state.o
    0x0002ec44   0x00000024   Code   RO         1682    i.user_mem_reply    nrf_ble_qwr.o
    0x0002ec68   0x00000030   Code   RO         4038    i.user_op_alloc     app_timer.o
    0x0002ec98   0x00000030   Code   RO          703    i.uuid_list_encode  ble_advdata.o
    0x0002ecc8   0x0000009e   Code   RO          704    i.uuid_list_sized_encode  ble_advdata.o
    0x0002ed66   0x00000004   Code   RO         5131    i.wmap              nrf_fstorage_sd.o
    0x0002ed6a   0x00000002   PAD
    0x0002ed6c   0x00000050   Code   RO         5132    i.write             nrf_fstorage_sd.o
    0x0002edbc   0x00000024   Code   RO         1880    i.write_buf_length_words_set  peer_database.o
    0x0002ede0   0x00000084   Code   RO         1881    i.write_buf_store   peer_database.o
    0x0002ee64   0x00000034   Code   RO         1882    i.write_buffer_record_find  peer_database.o
    0x0002ee98   0x00000028   Code   RO         1883    i.write_buffer_record_find_next  peer_database.o
    0x0002eec0   0x0000001e   Code   RO         1884    i.write_buffer_record_invalidate  peer_database.o
    0x0002eede   0x00000002   PAD
    0x0002eee0   0x0000002c   Code   RO         1885    i.write_buffer_record_release  peer_database.o
    0x0002ef0c   0x000000e8   Code   RO         4329    i.write_enqueue     fds.o
    0x0002eff4   0x000000f4   Code   RO         4330    i.write_execute     fds.o
    0x0002f0e8   0x00000018   Code   RO         4331    i.write_space_free  fds.o
    0x0002f100   0x0000005c   Code   RO         4332    i.write_space_reserve  fds.o
    0x0002f15c   0x00000001   Data   RO           18    .constdata          main.o
    0x0002f15d   0x00000008   Data   RO          408    .constdata          boards.o
    0x0002f165   0x00000003   PAD
    0x0002f168   0x0000002c   Data   RO          546    .constdata          bsp.o
    0x0002f194   0x00000050   Data   RO         1201    .constdata          gatt_cache_manager.o
    0x0002f1e4   0x00000004   Data   RO         1319    .constdata          gatts_cache_manager.o
    0x0002f1e8   0x00000010   Data   RO         1320    .constdata          gatts_cache_manager.o
    0x0002f1f8   0x00000004   Data   RO         1321    .constdata          gatts_cache_manager.o
    0x0002f1fc   0x00000008   Data   RO         1418    .constdata          id_manager.o
    0x0002f204   0x00000016   Data   RO         1588    .constdata          nrf_ble_gatt.o
    0x0002f21a   0x00000002   PAD
    0x0002f21c   0x00000018   Data   RO         1740    .constdata          peer_data_storage.o
    0x0002f234   0x00000010   Data   RO         1887    .constdata          peer_database.o
    0x0002f244   0x00000010   Data   RO         2163    .constdata          peer_manager.o
    0x0002f254   0x00000054   Data   RO         2517    .constdata          security_dispatcher.o
    0x0002f2a8   0x00000004   Data   RO         2649    .constdata          security_manager.o
    0x0002f2ac   0x00000004   Data   RO         3144    .constdata          nrfx_gpiote.o
    0x0002f2b0   0x00000004   Data   RO         3482    .constdata          nrfx_uart.o
    0x0002f2b4   0x00000004   Data   RO         3665    .constdata          nrfx_uarte.o
    0x0002f2b8   0x00000008   Data   RO         3801    .constdata          app_button.o
    0x0002f2c0   0x00000006   Data   RO         4040    .constdata          app_timer.o
    0x0002f2c6   0x00000002   PAD
    0x0002f2c8   0x00000018   Data   RO         4334    .constdata          fds.o
    0x0002f2e0   0x00000010   Data   RO         4998    .constdata          nrf_fprintf_format.o
    0x0002f2f0   0x0000005e   Data   RO         5044    .constdata          nrf_fstorage.o
    0x0002f34e   0x00000002   PAD
    0x0002f350   0x00000010   Data   RO         5134    .constdata          nrf_fstorage_sd.o
    0x0002f360   0x00000020   Data   RO         5135    .constdata          nrf_fstorage_sd.o
    0x0002f380   0x00000018   Data   RO         5317    .constdata          nrf_pwr_mgmt.o
    0x0002f398   0x0000000c   Data   RO         5318    .constdata          nrf_pwr_mgmt.o
    0x0002f3a4   0x0000013c   Data   RO         5418    .constdata          nrf_strerror.o
    0x0002f4e0   0x0000000c   Data   RO         5544    .constdata          nrf_log_backend_uart.o
    0x0002f4ec   0x00000020   Data   RO         5545    .constdata          nrf_log_backend_uart.o
    0x0002f50c   0x00000010   Data   RO         6265    .constdata          nrf_sdh.o
    0x0002f51c   0x00000028   Data   RO         6266    .constdata          nrf_sdh.o
    0x0002f544   0x00000010   Data   RO         6267    .constdata          nrf_sdh.o
    0x0002f554   0x00000010   Data   RO         6268    .constdata          nrf_sdh.o
    0x0002f564   0x00000020   Data   RO         6384    .constdata          nrf_sdh_ble.o
    0x0002f584   0x00000010   Data   RO         6385    .constdata          nrf_sdh_ble.o
    0x0002f594   0x00000010   Data   RO         6432    .constdata          nrf_sdh_soc.o
    0x0002f5a4   0x0000000c   Data   RO         6433    .constdata          nrf_sdh_soc.o
    0x0002f5b0   0x00000081   Data   RO         6516    .constdata          mc_w.l(ctype_o.o)
    0x0002f631   0x00000003   PAD
    0x0002f634   0x00000004   Data   RO         6517    .constdata          mc_w.l(ctype_o.o)
    0x0002f638   0x000000a2   Data   RO         1589    .conststring        nrf_ble_gatt.o
    0x0002f6da   0x00000002   PAD
    0x0002f6dc   0x0000004f   Data   RO         5045    .conststring        nrf_fstorage.o
    0x0002f72b   0x00000001   PAD
    0x0002f72c   0x000003eb   Data   RO         5419    .conststring        nrf_strerror.o
    0x0002fb17   0x00000001   PAD
    0x0002fb18   0x00000066   Data   RO         5840    .conststring        nrf_log_str_formatter.o
    0x0002fb7e   0x00000002   PAD
    0x0002fb80   0x00000188   Data   RO         6386    .conststring        nrf_sdh_ble.o
    0x0002fd08   0x0000000d   Data   RO         1590    .conststrlit        nrf_ble_gatt.o
    0x0002fd15   0x00000003   PAD
    0x0002fd18   0x00000006   Data   RO         2796    .conststrlit        nrf_drv_clock.o
    0x0002fd1e   0x00000002   PAD
    0x0002fd20   0x00000006   Data   RO         2989    .conststrlit        nrfx_clock.o
    0x0002fd26   0x00000002   PAD
    0x0002fd28   0x00000007   Data   RO         3148    .conststrlit        nrfx_gpiote.o
    0x0002fd2f   0x00000001   PAD
    0x0002fd30   0x00000004   Data   RO         3408    .conststrlit        nrfx_prs.o
    0x0002fd34   0x00000005   Data   RO         3485    .conststrlit        nrfx_uart.o
    0x0002fd39   0x00000003   PAD
    0x0002fd3c   0x00000006   Data   RO         3668    .conststrlit        nrfx_uarte.o
    0x0002fd42   0x00000002   PAD
    0x0002fd44   0x0000000f   Data   RO         4335    .conststrlit        fds.o
    0x0002fd53   0x00000001   PAD
    0x0002fd54   0x0000000d   Data   RO         5046    .conststrlit        nrf_fstorage.o
    0x0002fd61   0x00000003   PAD
    0x0002fd64   0x0000000e   Data   RO         5136    .conststrlit        nrf_fstorage_sd.o
    0x0002fd72   0x00000002   PAD
    0x0002fd74   0x00000009   Data   RO         5319    .conststrlit        nrf_pwr_mgmt.o
    0x0002fd7d   0x00000003   PAD
    0x0002fd80   0x00000018   Data   RO         5677    .conststrlit        nrf_log_frontend.o
    0x0002fd98   0x00000008   Data   RO         6269    .conststrlit        nrf_sdh.o
    0x0002fda0   0x0000000c   Data   RO         6387    .conststrlit        nrf_sdh_ble.o
    0x0002fdac   0x0000000c   Data   RO         6434    .conststrlit        nrf_sdh_soc.o
    0x0002fdb8   0x00000020   Data   RO         6577    Region$$Table       anon$$obj.o
    0x0002fdd8   0x00000008   Data   RO         1591    log_const_data      nrf_ble_gatt.o
    0x0002fde0   0x00000008   Data   RO         2797    log_const_data      nrf_drv_clock.o
    0x0002fde8   0x00000008   Data   RO         2991    log_const_data      nrfx_clock.o
    0x0002fdf0   0x00000008   Data   RO         3149    log_const_data      nrfx_gpiote.o
    0x0002fdf8   0x00000008   Data   RO         3410    log_const_data      nrfx_prs.o
    0x0002fe00   0x00000008   Data   RO         3486    log_const_data      nrfx_uart.o
    0x0002fe08   0x00000008   Data   RO         3669    log_const_data      nrfx_uarte.o
    0x0002fe10   0x00000008   Data   RO         4339    log_const_data      fds.o
    0x0002fe18   0x00000008   Data   RO         5047    log_const_data      nrf_fstorage.o
    0x0002fe20   0x00000008   Data   RO         5139    log_const_data      nrf_fstorage_sd.o
    0x0002fe28   0x00000008   Data   RO         5321    log_const_data      nrf_pwr_mgmt.o
    0x0002fe30   0x00000010   Data   RO         5680    log_const_data      nrf_log_frontend.o
    0x0002fe40   0x00000008   Data   RO         6271    log_const_data      nrf_sdh.o
    0x0002fe48   0x00000008   Data   RO         6389    log_const_data      nrf_sdh_ble.o
    0x0002fe50   0x00000008   Data   RO         6435    log_const_data      nrf_sdh_soc.o
    0x0002fe58   0x00000018   Data   RO         5682    nrf_balloc          nrf_log_frontend.o
    0x0002fe70   0x00000008   Data   RO          985    sdh_ble_observers0  ble_conn_state.o
    0x0002fe78   0x00000010   Data   RO           20    sdh_ble_observers1  main.o
    0x0002fe88   0x00000008   Data   RO          649    sdh_ble_observers1  bsp_btn_ble.o
    0x0002fe90   0x00000008   Data   RO          901    sdh_ble_observers1  ble_conn_params.o
    0x0002fe98   0x00000008   Data   RO         2165    sdh_ble_observers1  peer_manager.o
    0x0002fea0   0x00000008   Data   RO           21    sdh_ble_observers2  main.o
    0x0002fea8   0x00000008   Data   RO           22    sdh_ble_observers3  main.o
    0x0002feb0   0x00000008   Data   RO         5141    sdh_req_observers0  nrf_fstorage_sd.o
    0x0002feb8   0x00000008   Data   RO         2799    sdh_soc_observers0  nrf_drv_clock.o
    0x0002fec0   0x00000008   Data   RO         5142    sdh_soc_observers0  nrf_fstorage_sd.o
    0x0002fec8   0x00000008   Data   RO           23    sdh_soc_observers1  main.o
    0x0002fed0   0x00000008   Data   RO         6391    sdh_stack_observers0  nrf_sdh_ble.o
    0x0002fed8   0x00000008   Data   RO         6437    sdh_stack_observers0  nrf_sdh_soc.o
    0x0002fee0   0x00000008   Data   RO         2800    sdh_state_observers0  nrf_drv_clock.o
    0x0002fee8   0x00000008   Data   RO         5143    sdh_state_observers0  nrf_fstorage_sd.o


    Execution Region RW_IRAM1 (Base: 0x20002218, Size: 0x00002f20, Max: 0x0000dde8, ABSOLUTE, COMPRESSED[0x0000005c])

    Base Addr    Size         Type   Attr      Idx    E Section Name        Object

    0x20002218   0x00000006   Data   RW           19    .data               main.o
    0x2000221e   0x00000002   PAD
    0x20002220   0x00000010   Data   RW          547    .data               bsp.o
    0x20002230   0x00000008   Data   RW          648    .data               bsp_btn_ble.o
    0x20002238   0x00000008   Data   RW          900    .data               ble_conn_params.o
    0x20002240   0x0000000c   Data   RW         1202    .data               gatt_cache_manager.o
    0x2000224c   0x00000006   Data   RW         1322    .data               gatts_cache_manager.o
    0x20002252   0x00000003   Data   RW         1419    .data               id_manager.o
    0x20002255   0x00000003   PAD
    0x20002258   0x0000000c   Data   RW         1741    .data               peer_data_storage.o
    0x20002264   0x00000003   Data   RW         1888    .data               peer_database.o
    0x20002267   0x00000001   PAD
    0x20002268   0x00000010   Data   RW         2164    .data               peer_manager.o
    0x20002278   0x00000006   Data   RW         2518    .data               security_dispatcher.o
    0x2000227e   0x00000002   PAD
    0x20002280   0x00000015   Data   RW         2650    .data               security_manager.o
    0x20002295   0x00000003   PAD
    0x20002298   0x0000000c   Data   RW         2923    .data               nrf_drv_uart.o
    0x200022a4   0x00000008   Data   RW         2990    .data               nrfx_clock.o
    0x200022ac   0x00000008   Data   RW         3409    .data               nrfx_prs.o
    0x200022b4   0x00000004   PAD
    0x200022b8   0x00000020   Data   RW         3802    .data               app_button.o
    0x200022d8   0x00000014   Data   RW         4041    .data               app_timer.o
    0x200022ec   0x00000014   Data   RW         4336    .data               fds.o
    0x20002300   0x00000030   Data   RW         4337    .data               fds.o
    0x20002330   0x00000014   Data   RW         5137    .data               nrf_fstorage_sd.o
    0x20002344   0x00000008   Data   RW         5138    .data               nrf_fstorage_sd.o
    0x2000234c   0x00000008   Data   RW         5320    .data               nrf_pwr_mgmt.o
    0x20002354   0x00000018   Data   RW         5546    .data               nrf_log_backend_uart.o
    0x2000236c   0x0000000c   Data   RW         5616    .data               nrf_log_default_backends.o
    0x20002378   0x00000008   Data   RW         5678    .data               nrf_log_frontend.o
    0x20002380   0x00000008   Data   RW         5679    .data               nrf_log_frontend.o
    0x20002388   0x00000040   Data   RW         5841    .data               nrf_log_str_formatter.o
    0x200023c8   0x00000003   Data   RW         6270    .data               nrf_sdh.o
    0x200023cb   0x00000001   Data   RW         6388    .data               nrf_sdh_ble.o
    0x200023cc   0x00000004   Data   RW         6472    .data               system_nrf52.o
    0x200023d0   0x00000014   Data   RW         4338    fs_data             fds.o
    0x200023e4   0x00000004   Data   RW         1592    log_dynamic_data    nrf_ble_gatt.o
    0x200023e8   0x00000004   Data   RW         2798    log_dynamic_data    nrf_drv_clock.o
    0x200023ec   0x00000004   Data   RW         2992    log_dynamic_data    nrfx_clock.o
    0x200023f0   0x00000004   Data   RW         3150    log_dynamic_data    nrfx_gpiote.o
    0x200023f4   0x00000004   Data   RW         3411    log_dynamic_data    nrfx_prs.o
    0x200023f8   0x00000004   Data   RW         3487    log_dynamic_data    nrfx_uart.o
    0x200023fc   0x00000004   Data   RW         3670    log_dynamic_data    nrfx_uarte.o
    0x20002400   0x00000004   Data   RW         4340    log_dynamic_data    fds.o
    0x20002404   0x00000004   Data   RW         5048    log_dynamic_data    nrf_fstorage.o
    0x20002408   0x00000004   Data   RW         5140    log_dynamic_data    nrf_fstorage_sd.o
    0x2000240c   0x00000004   Data   RW         5322    log_dynamic_data    nrf_pwr_mgmt.o
    0x20002410   0x00000008   Data   RW         5681    log_dynamic_data    nrf_log_frontend.o
    0x20002418   0x00000004   Data   RW         6272    log_dynamic_data    nrf_sdh.o
    0x2000241c   0x00000004   Data   RW         6390    log_dynamic_data    nrf_sdh_ble.o
    0x20002420   0x00000004   Data   RW         6436    log_dynamic_data    nrf_sdh_soc.o
    0x20002424   0x000000d8   Zero   RW           17    .bss                main.o
    0x200024fc   0x00000020   Zero   RW          542    .bss                bsp.o
    0x2000251c   0x00000020   Zero   RW          543    .bss                bsp.o
    0x2000253c   0x0000000c   Zero   RW          544    .bss                bsp.o
    0x20002548   0x00000020   Zero   RW          545    .bss                bsp.o
    0x20002568   0x00000050   Zero   RW          899    .bss                ble_conn_params.o
    0x200025b8   0x00000078   Zero   RW          984    .bss                ble_conn_state.o
    0x20002630   0x00000100   Zero   RW         1417    .bss                id_manager.o
    0x20002730   0x000000d0   Zero   RW         1886    .bss                peer_database.o
    0x20002800   0x00000040   Zero   RW         2042    .bss                peer_id.o
    0x20002840   0x0000000c   Zero   RW         2162    .bss                peer_manager.o
    0x2000284c   0x00000040   Zero   RW         2516    .bss                security_dispatcher.o
    0x2000288c   0x00000014   Zero   RW         2791    .bss                nrf_drv_clock.o
    0x200028a0   0x0000005c   Zero   RW         3143    .bss                nrfx_gpiote.o
    0x200028fc   0x0000002c   Zero   RW         3480    .bss                nrfx_uart.o
    0x20002928   0x00000024   Zero   RW         3663    .bss                nrfx_uarte.o
    0x2000294c   0x00000020   Zero   RW         3800    .bss                app_button.o
    0x2000296c   0x0000010c   Zero   RW         4039    .bss                app_timer.o
    0x20002a78   0x0000000c   Zero   RW         4192    .bss                app_util_platform.o
    0x20002a84   0x000000e0   Zero   RW         4333    .bss                fds.o
    0x20002b64   0x000000a0   Zero   RW         5133    .bss                nrf_fstorage_sd.o
    0x20002c04   0x0000000c   Zero   RW         5316    .bss                nrf_pwr_mgmt.o
    0x20002c10   0x00000040   Zero   RW         5543    .bss                nrf_log_backend_uart.o
    0x20002c50   0x000000c0   Zero   RW         5675    .bss                nrf_log_frontend.o
    0x20002d10   0x00000424   Zero   RW         5676    .bss                nrf_log_frontend.o
    0x20003134   0x00000004   PAD
    0x20003138   0x00002000   Zero   RW         6460    STACK               arm_startup_nrf52.o


==============================================================================

Image component sizes


      Code (inc. data)   RO Data    RW Data    ZI Data      Debug   Object Name

       440         36          8         32         32      12874   app_button.o
        22          0          0          0          0       2413   app_error.o
       124         40          0          0          0      30493   app_error_weak.o
         0          0          0          0          0      21958   app_scheduler.o
      1506        118          6         20        268      47979   app_timer.o
       124         14          0          0         12       9350   app_util_platform.o
        36          8        512          0       8192        908   arm_startup_nrf52.o
      1314          0          0          0          0      37860   ble_advdata.o
      1116          6          0          0          0      12924   ble_advertising.o
       636         44          8          8         80       9067   ble_conn_params.o
       650         46          8          0        120      12231   ble_conn_state.o
         8          0          0          0          0       1414   ble_srv_common.o
       346         34          8          0          0      46733   boards.o
       918         82         44         16        108      13444   bsp.o
       226         10          8          8          0       3995   bsp_btn_ble.o
      3550        328         47         92        224      49830   fds.o
       940         94         80         12          0      18992   gatt_cache_manager.o
       462         32         24          6          0      10269   gatts_cache_manager.o
      1156         58          8          3        256      18453   id_manager.o
      1326        316         41          6        216     169501   main.o
       342          0          0          0          0       6562   nrf_atfifo.o
       170          0          0          0          0       4636   nrf_atflags.o
       332          0          0          0          0       9882   nrf_atomic.o
       164          0          0          0          0       3564   nrf_balloc.o
       894        254        205          4          0      35952   nrf_ble_gatt.o
       276          0          0          0          0       4593   nrf_ble_qwr.o
       276         34         30          4         20      37474   nrf_drv_clock.o
       200         26          0         12          0      17488   nrf_drv_uart.o
        50          0          0          0          0       3449   nrf_fprintf.o
       850          4         16          0          0       5378   nrf_fprintf_format.o
      1020        432        194          4          0       8800   nrf_fstorage.o
       798         82         94         32        160      15853   nrf_fstorage_sd.o
       200          0          0          0          0      11411   nrf_log_backend_serial.o
       232         44         44         24         64      20866   nrf_log_backend_uart.o
        28          6          0         12          0       3119   nrf_log_default_backends.o
      1508        118         64         24       1252      30402   nrf_log_frontend.o
       566        108        102         64          0       5676   nrf_log_str_formatter.o
       330          0          0          0          0       9439   nrf_memobj.o
       108         16         53         12         12      36351   nrf_pwr_mgmt.o
       660         60        104          7          0      43076   nrf_sdh.o
       676        222        468          5          0       5829   nrf_sdh_ble.o
        60          4         56          4          0       2520   nrf_sdh_soc.o
        78          0          0          0          0       2704   nrf_section_iter.o
        76         10       1319          0          0       2663   nrf_strerror.o
       222         28         14         12          0      41060   nrfx_clock.o
      1226         92         19          4         92      58154   nrfx_gpiote.o
       112         16         12         12          0       4448   nrfx_prs.o
      1292         40         17          4         44      30762   nrfx_uart.o
      1134         44         18          4         36      23985   nrfx_uarte.o
      1010         46         24         12          0      18956   peer_data_storage.o
      1200         60         16          3        208      24310   peer_database.o
       336         38          0          0         64       8859   peer_id.o
       880         62         24         16         12      14904   peer_manager.o
       242          0          0          0          0       4375   pm_buffer.o
       226          0          0          0          0       5237   pm_mutex.o
      1646         88         84          6         64      26722   security_dispatcher.o
      1054         70          4         21          0      48272   security_manager.o
       796         70          0          4          0       2883   system_nrf52.o

    ----------------------------------------------------------------------
     36244       3340       3852        524      11540    1171302   Object Totals
         0          0         32          0          0          0   (incl. Generated)
        74          0         37         15          4          0   (incl. Padding)

    ----------------------------------------------------------------------

      Code (inc. data)   RO Data    RW Data    ZI Data      Debug   Library Member Name

        86          0          0          0          0          0   __dczerorl2.o
         8          4        133          0          0         68   ctype_o.o
         0          0          0          0          0          0   entry.o
         0          0          0          0          0          0   entry10a.o
         0          0          0          0          0          0   entry11a.o
         8          4          0          0          0          0   entry2.o
         4          0          0          0          0          0   entry5.o
         0          0          0          0          0          0   entry7b.o
         0          0          0          0          0          0   entry8b.o
         8          4          0          0          0          0   entry9a.o
        30          0          0          0          0          0   handlers.o
        36          8          0          0          0         68   init.o
        30          0          0          0          0         68   llshl.o
        32          0          0          0          0         68   llushr.o
        26          0          0          0          0         80   memcmp.o
        36          0          0          0          0         68   memcpya.o
        36          0          0          0          0        108   memseta.o
        14          0          0          0          0         68   strlen.o
        98          0          0          0          0         92   uldiv.o

    ----------------------------------------------------------------------
       456         20        136          0          0        688   Library Totals
         4          0          3          0          0          0   (incl. Padding)

    ----------------------------------------------------------------------

      Code (inc. data)   RO Data    RW Data    ZI Data      Debug   Library Name

       452         20        133          0          0        688   mc_w.l

    ----------------------------------------------------------------------
       456         20        136          0          0        688   Library Totals

    ----------------------------------------------------------------------

==============================================================================


      Code (inc. data)   RO Data    RW Data    ZI Data      Debug   

     36700       3360       3988        524      11540    1122066   Grand Totals
     36700       3360       3988         92      11540    1122066   ELF Image Totals (compressed)
     36700       3360       3988         92          0          0   ROM Totals

==============================================================================

    Total RO  Size (Code + RO Data)                40688 (  39.73kB)
    Total RW  Size (RW Data + ZI Data)             12064 (  11.78kB)
    Total ROM Size (Code + RO Data + RW Data)      40780 (  39.82kB)

==============================================================================

