<html>
<body>
<pre>
<h1>µVision Build Log</h1>
<h2>Tool Versions:</h2>
IDE-Version: µVision V5.12.0.0
Copyright (C) 2014 ARM Ltd and ARM Germany GmbH. All rights reserved.
License Information: 11 Administrator, 22, LIC=0VRBS-LHZSV-05JTY-IX57P-7IGFM-EI591
 
Tool Versions:
Toolchain:       MDK-ARM Professional  Version: 5.12.0.0
Toolchain Path:  d:\Keil_v5\ARM\ARMCC\Bin
C Compiler:      Armcc.exe V5.05 (build 41)
Assembler:       Armasm.exe V5.05 (build 41)
Linker/Locator:  ArmLink.exe V5.05 (build 41)
Library Manager: ArmAr.exe V5.05 (build 41)
Hex Converter:   FromElf.exe V5.05 (build 41)
CPU DLL:         
Dialog DLL:      
    Target DLL: Segger\JL2CM3.dll
Dialog DLL:      TCM.DLL V1.14.2.0
 
<h2>Project:</h2>
d:\Documents\code\ble-practices\qingfeng-ble\hello_world\examples\ble_peripheral\ble_app_template\pca10056\s140\arm5_no_packs\ble_app_template_pca10056_s140.uvprojx
Project File Date:  08/15/2020

<h2>Output:</h2>
Build target 'nrf52840_xxaa'
compiling main.c...
compiling boards.c...
compiling bsp.c...
compiling bsp_btn_ble.c...
compiling ble_advdata.c...
compiling ble_advertising.c...
compiling ble_conn_params.c...
compiling ble_conn_state.c...
compiling gatt_cache_manager.c...
compiling gatts_cache_manager.c...
compiling id_manager.c...
compiling nrf_ble_gatt.c...
compiling nrf_ble_qwr.c...
compiling peer_data_storage.c...
compiling peer_database.c...
compiling peer_id.c...
compiling peer_manager.c...
compiling pm_buffer.c...
compiling pm_mutex.c...
compiling security_dispatcher.c...
compiling security_manager.c...
compiling nrf_drv_clock.c...
compiling nrf_drv_uart.c...
compiling nrfx_clock.c...
compiling nrfx_gpiote.c...
compiling nrfx_power_clock.c...
compiling nrfx_prs.c...
compiling nrfx_uart.c...
compiling nrfx_uarte.c...
compiling app_button.c...
compiling app_error_handler_keil.c...
compiling app_error_weak.c...
compiling app_scheduler.c...
compiling app_timer.c...
compiling crc16.c...
compiling fds.c...
compiling hardfault_implementation.c...
compiling nrf_atfifo.c...
compiling nrf_atflags.c...
compiling nrf_atomic.c...
compiling nrf_balloc.c...
compiling nrf_fprintf.c...
compiling nrf_fprintf_format.c...
compiling nrf_fstorage.c...
compiling nrf_fstorage_sd.c...
compiling nrf_memobj.c...
compiling nrf_pwr_mgmt.c...
compiling nrf_section_iter.c...
compiling nrf_strerror.c...
compiling nrf_log_backend_rtt.c...
compiling nrf_log_backend_serial.c...
compiling nrf_log_backend_uart.c...
compiling nrf_log_default_backends.c...
compiling nrf_log_frontend.c...
compiling nrf_log_str_formatter.c...
compiling SEGGER_RTT.c...
compiling SEGGER_RTT_Syscalls_KEIL.c...
compiling SEGGER_RTT_printf.c...
compiling nrf_sdh.c...
compiling nrf_sdh_ble.c...
compiling nrf_sdh_soc.c...
linking...
Program Size: Code=35212 RO-data=3968 RW-data=488 ZI-data=12152  
FromELF: creating hex file...
".\_build\nrf52840_xxaa.axf" - 0 Error(s), 0 Warning(s).

<h2>Software Packages used:</h2>

Package Vendor: ARM
                http://www.keil.com/pack/ARM.CMSIS.4.5.0.pack
                ARM::CMSIS:CORE:4.3.0
                CMSIS (Cortex Microcontroller Software Interface Standard)
   * Component: CORE Version: 4.3.0

Package Vendor: NordicSemiconductor
                http://developer.nordicsemi.com/nRF5_SDK/pieces/nRF_DeviceFamilyPack/NordicSemiconductor.nRF_DeviceFamilyPack.8.16.0.pack
                NordicSemiconductor::Device:Startup:8.16.0
                Nordic Semiconductor nRF ARM devices Device Family Pack.
   * Component: Startup Version: 8.16.0

<h2>Collection of Component include folders:</h2>
  d:\Documents\code\ble-practices\qingfeng-ble\hello_world\examples\ble_peripheral\ble_app_template\pca10056\s140\arm5_no_packs\RTE
  d:\Keil_v5\ARM\PACK\ARM\CMSIS\4.5.0\CMSIS\Include
  d:\Keil_v5\ARM\PACK\NordicSemiconductor\nRF_DeviceFamilyPack\8.16.0\Device\Include

<h2>Collection of Component Files used:</h2>

   * Component: ARM::CMSIS:CORE:4.3.0

   * Component: NordicSemiconductor::Device:Startup:8.16.0
      Source file:   Device\Source\system_nrf52840.c
      Source file:   Device\Source\arm\arm_startup_nrf52840.s
      Include file:  Device\Include\system_nrf52840.h
Load "d:\\Documents\\code\\ble-practices\\qingfeng-ble\\hello_world\\examples\\ble_peripheral\\ble_app_template\\pca10056\\s140\\arm5_no_packs\\_build\\nrf52840_xxaa.axf" 
Set JLink Project File to "d:\Documents\code\ble-practices\qingfeng-ble\hello_world\examples\ble_peripheral\ble_app_template\pca10056\s140\arm5_no_packs\JLinkSettings.ini"
* JLink Info: Device "NRF52840_XXAA" selected.
 
JLink info:
------------
DLL: V6.14b, compiled Mar  9 2017 08:46:04
Firmware: J-Link OB-STM32F072-CortexM compiled Sep 26 2016 10:03:56
Hardware: V1.00
S/N : 20200602 
Feature(s) : GDB, RDI, FlashBP, FlashDL, JFlash, RDDI 
 
* JLink Info: Found SWD-DP with ID 0x2BA01477
* JLink Info: Found SWD-DP with ID 0x2BA01477
* JLink Info: AP-IDR: 0x24770011, Type: AHB-AP
* JLink Info: AHB-AP ROM: 0xE00FF000 (Base addr. of first ROM table)
* JLink Info: Found Cortex-M4 r0p1, Little endian.
* JLink Info: FPUnit: 6 code (BP) slots and 2 literal slots
* JLink Info: CoreSight components:
* JLink Info: ROMTbl 0 @ E00FF000
* JLink Info: ROMTbl 0 [0]: FFF0F000, CID: B105E00D, PID: 000BB00C SCS
* JLink Info: ROMTbl 0 [1]: FFF02000, CID: B105E00D, PID: 003BB002 DWT
* JLink Info: ROMTbl 0 [2]: FFF03000, CID: B105E00D, PID: 002BB003 FPB
* JLink Info: ROMTbl 0 [3]: FFF01000, CID: B105E00D, PID: 003BB001 ITM
* JLink Info: ROMTbl 0 [4]: FFF41000, CID: B105900D, PID: 000BB9A1 TPIU
* JLink Info: ROMTbl 0 [5]: FFF42000, CID: B105900D, PID: 000BB925 ETM
ROMTableAddr = 0xE00FF003
 
Target info:
------------
Device: nRF52840_xxAA
VTarget = 3.300V
State of Pins: 
TCK: 0, TDI: 0, TDO: 1, TMS: 1, TRES: 1, TRST: 1
Hardware-Breakpoints: 6
Software-Breakpoints: 8192
Watchpoints:          4
JTAG speed: 2000 kHz
 
Erase Done.
Programming Done.
Verify OK.
Application running ...
</pre>
</body>
</html>
6
Software-Breakpoints: 8192
Watchpoints:          4
JTAG speed: 2000 kHz
 
Erase Done.
Programming Done.
Verify OK.
Application running ...
